[Wed Jan 13 11:22:59.743967 2021] [core:notice] [pid 1254] AH00051: child pid 5171 exit signal Aborted (6), possible coredump in /etc/apache2
[Wed Jan 13 11:22:59.743970 2021] [core:error] [pid 1254] AH00546: no record of generation 0 of exiting child 5171
[Wed Jan 13 11:22:59.743983 2021] [core:notice] [pid 1254] AH00051: child pid 5172 exit signal Aborted (6), possible coredump in /etc/apache2
[Wed Jan 13 11:22:59.743988 2021] [core:error] [pid 1254] AH00546: no record of generation 0 of exiting child 5172
[Wed Jan 13 11:22:59.744001 2021] [core:notice] [pid 1254] AH00051: child pid 5173 exit signal Aborted (6), possible coredump in /etc/apache2
[Wed Jan 13 11:22:59.744006 2021] [core:error] [pid 1254] AH00546: no record of generation 0 of exiting child 5173
[Wed Jan 13 11:22:59.744019 2021] [core:notice] [pid 1254] AH00051: child pid 5174 exit signal Aborted (6), possible coredump in /etc/apache2
[Wed Jan 13 11:22:59.744044 2021] [core:error] [pid 1254] AH00546: no record of generation 0 of exiting child 5174
[Wed Jan 13 11:23:00.745391 2021] [core:notice] [pid 1254] AH00051: child pid 5146 exit signal Aborted (6), possible coredump in /etc/apache2
[crit] Memory allocation failed, aborting process.
[crit] Memory allocation failed, aborting process.
[Wed Jan 13 11:23:43.877349 2021] [:error] [pid 5079] [client 123.151.144.18:5690] PHP Warning:  mysqli_query(): MySQL server has gone away in /var/www/html/wp-includes/wp-db.php on line 2007
[Wed Jan 13 11:23:43.877452 2021] [:error] [pid 4861] [client 59.36.119.251:44422] PHP Warning:  mysqli_query(): MySQL server has gone away in /var/www/html/wp-includes/wp-db.php on line 2007
[Wed Jan 13 11:23:43.877519 2021] [:error] [pid 4862] [client 101.89.34.219:29418] PHP Warning:  mysqli_query(): MySQL server has gone away in /var/www/html/wp-includes/wp-db.php on line 2007
[Wed Jan 13 11:23:43.877627 2021] [:error] [pid 5115] [client 101.89.34.219:30277] PHP Warning:  mysqli_query(): MySQL server has gone away in /var/www/html/wp-includes/wp-db.php on line 2007
[Wed Jan 13 11:23:43.877682 2021] [:error] [pid 4873] [client 123.151.144.18:2294] PHP Warning:  mysqli_query(): MySQL server has gone away in /var/www/html/wp-includes/wp-db.php on line 2007
[Wed Jan 13 11:23:43.877880 2021] [:error] [pid 5153] [client 123.151.144.18:8284] PHP Warning:  mysqli_set_charset(): MySQL server has gone away in /var/www/html/wp-includes/wp-db.php on line 806
[Wed Jan 13 11:23:43.877928 2021] [:error] [pid 4341] [client 101.89.34.219:30543] PHP Warning:  mysqli_query(): MySQL server has gone away in /var/www/html/wp-includes/wp-db.php on line 2007
[Wed Jan 13 11:23:43.877976 2021] [:error] [pid 4865] [client 123.151.144.18:1200] PHP Warning:  mysqli_query(): MySQL server has gone away in /var/www/html/wp-includes/wp-db.php on line 2007
[Wed Jan 13 11:23:43.878103 2021] [:error] [pid 4660] [client 101.89.34.219:29829] PHP Warning:  mysqli_query(): MySQL server has gone away in /var/www/html/wp-includes/wp-db.php on line 2007
[Wed Jan 13 11:23:43.878143 2021] [:error] [pid 5154] [client 123.151.144.18:1813] PHP Warning:  mysqli_query(): MySQL server has gone away in /var/www/html/wp-includes/wp-db.php on line 2007
[Wed Jan 13 11:23:43.878327 2021] [:error] [pid 4355] [client 101.89.34.219:29917] PHP Warning:  mysqli_query(): MySQL server has gone away in /var/www/html/wp-includes/wp-db.php on line 2007
[Wed Jan 13 11:23:43.878368 2021] [:error] [pid 3892] [client 123.151.144.18:3297] PHP Warning:  mysqli_query(): MySQL server has gone away in /var/www/html/wp-includes/wp-db.php on line 2007
[Wed Jan 13 11:23:43.878406 2021] [:error] [pid 5076] [client 101.89.34.219:30340] PHP Warning:  mysqli_query(): MySQL server has gone away in /var/www/html/wp-includes/wp-db.php on line 2007
[Wed Jan 13 11:23:44.029328 2021] [:error] [pid 5116] [client 59.36.119.251:43607] PHP Warning:  Error while sending QUERY packet. PID=5116 in /var/www/html/wp-includes/wp-db.php on line 2007
[Wed Jan 13 11:23:44.055270 2021] [:error] [pid 5079] [client 123.151.144.18:5690] PHP Warning:  mysqli_query(): Error reading result set's header in /var/www/html/wp-includes/wp-db.php on line 2007
[Wed Jan 13 11:23:44.055446 2021] [:error] [pid 5076] [client 101.89.34.219:30340] PHP Warning:  mysqli_query(): Error reading result set's header in /var/www/html/wp-includes/wp-db.php on line 2007
[Wed Jan 13 11:23:44.055568 2021] [:error] [pid 3892] [client 123.151.144.18:3297] PHP Warning:  mysqli_query(): Error reading result set's header in /var/www/html/wp-includes/wp-db.php on line 2007
[Wed Jan 13 11:23:44.055683 2021] [:error] [pid 4355] [client 101.89.34.219:29917] PHP Warning:  mysqli_query(): Error reading result set's header in /var/www/html/wp-includes/wp-db.php on line 2007
[Wed Jan 13 11:23:44.055798 2021] [:error] [pid 5154] [client 123.151.144.18:1813] PHP Warning:  mysqli_query(): Error reading result set's header in /var/www/html/wp-includes/wp-db.php on line 2007
[Wed Jan 13 11:23:44.055914 2021] [:error] [pid 4660] [client 101.89.34.219:29829] PHP Warning:  mysqli_query(): Error reading result set's header in /var/www/html/wp-includes/wp-db.php on line 2007
[Wed Jan 13 11:23:44.056026 2021] [:error] [pid 4865] [client 123.151.144.18:1200] PHP Warning:  mysqli_query(): Error reading result set's header in /var/www/html/wp-includes/wp-db.php on line 2007
[Wed Jan 13 11:23:44.056124 2021] [:error] [pid 4341] [client 101.89.34.219:30543] PHP Warning:  mysqli_query(): Error reading result set's header in /var/www/html/wp-includes/wp-db.php on line 2007
[Wed Jan 13 11:23:44.056222 2021] [:error] [pid 5153] [client 123.151.144.18:8284] PHP Warning:  mysqli_set_charset(): Error reading result set's header in /var/www/html/wp-includes/wp-db.php on line 806
[Wed Jan 13 11:23:44.056235 2021] [:error] [pid 5153] [client 123.151.144.18:8284] PHP Warning:  mysqli_set_charset(): Error executing query in /var/www/html/wp-includes/wp-db.php on line 806
[Wed Jan 13 11:23:44.056467 2021] [:error] [pid 4873] [client 123.151.144.18:2294] PHP Warning:  mysqli_query(): Error reading result set's header in /var/www/html/wp-includes/wp-db.php on line 2007
[Wed Jan 13 11:23:44.056579 2021] [:error] [pid 5115] [client 101.89.34.219:30277] PHP Warning:  mysqli_query(): Error reading result set's header in /var/www/html/wp-includes/wp-db.php on line 2007
[Wed Jan 13 11:23:44.056685 2021] [:error] [pid 4862] [client 101.89.34.219:29418] PHP Warning:  mysqli_query(): Error reading result set's header in /var/www/html/wp-includes/wp-db.php on line 2007
[Wed Jan 13 11:23:44.056795 2021] [:error] [pid 4861] [client 59.36.119.251:44422] PHP Warning:  mysqli_query(): Error reading result set's header in /var/www/html/wp-includes/wp-db.php on line 2007
[Wed Jan 13 11:23:44.123557 2021] [:error] [pid 4663] [client 101.89.34.243:59330] PHP Warning:  Error while sending QUERY packet. PID=4663 in /var/www/html/wp-includes/wp-db.php on line 2007
[Wed Jan 13 11:23:44.424873 2021] [:error] [pid 4346] [client 101.89.34.243:58292] PHP Warning:  Error while sending QUERY packet. PID=4346 in /var/www/html/wp-includes/wp-db.php on line 2007
[Wed Jan 13 11:23:44.428376 2021] [:error] [pid 4674] [client 101.89.34.239:33884] PHP Warning:  Error while sending QUERY packet. PID=4674 in /var/www/html/wp-includes/wp-db.php on line 2007
[Wed Jan 13 11:23:44.634920 2021] [:error] [pid 5096] [client 101.89.34.219:30528] PHP Warning:  Error while sending QUERY packet. PID=5096 in /var/www/html/wp-includes/wp-db.php on line 2007
[Wed Jan 13 11:23:44.643650 2021] [:error] [pid 5106] [client 101.89.34.219:30726] PHP Warning:  Error while sending QUERY packet. PID=5106 in /var/www/html/wp-includes/wp-db.php on line 2007
[Wed Jan 13 11:23:45.603060 2021] [:error] [pid 3981] [client 101.89.34.219:30162] PHP Warning:  Error while sending QUERY packet. PID=3981 in /var/www/html/wp-includes/wp-db.php on line 2007
[Wed Jan 13 11:23:45.646979 2021] [:error] [pid 4340] [client 101.89.34.219:30397] PHP Warning:  Error while sending QUERY packet. PID=4340 in /var/www/html/wp-includes/wp-db.php on line 2007, referer: https://bbs.uestc.edu.cn/
[Wed Jan 13 11:23:45.686458 2021] [:error] [pid 3944] [client 123.151.144.18:6135] PHP Warning:  Error while sending QUERY packet. PID=3944 in /var/www/html/wp-includes/wp-db.php on line 2007
[Wed Jan 13 11:23:45.918836 2021] [core:notice] [pid 1254] AH00051: child pid 5531 exit signal Aborted (6), possible coredump in /etc/apache2
[Wed Jan 13 11:23:45.927249 2021] [core:notice] [pid 1254] AH00051: child pid 5533 exit signal Aborted (6), possible coredump in /etc/apache2
[Wed Jan 13 11:23:46.159737 2021] [:error] [pid 4661] [client 101.89.34.219:28278] PHP Warning:  Error while sending QUERY packet. PID=4661 in /var/www/html/wp-includes/wp-db.php on line 2007, referer: https://www.leadroyal.cn/?p=1228
[Wed Jan 13 11:23:50.007268 2021] [:error] [pid 4873] [client 123.151.144.18:2294] PHP Fatal error:  Out of memory (allocated 12582912) (tried to allocate 40960 bytes) in /var/www/html/wp-includes/post-template.php on line 249
[crit] Memory allocation failed, aborting process.
[Wed Jan 13 11:24:06.529951 2021] [mpm_prefork:error] [pid 1254] (12)Cannot allocate memory: AH00159: fork: Unable to fork new process
[crit] Memory allocation failed, aborting process.
[crit] Memory allocation failed, aborting process.
[crit] Memory allocation failed, aborting process.
[crit] Memory allocation failed, aborting process.
[crit] Memory allocation failed, aborting process.
[crit] Memory allocation failed, aborting process.
[crit] Memory allocation failed, aborting process.

mmap() failed: [12] Cannot allocate memory

mmap() failed: [12] Cannot allocate memory
[crit] Memory allocation failed, aborting process.
[crit] Memory allocation failed, aborting process.
[crit] Memory allocation failed, aborting process.
[crit] Memory allocation failed, aborting process.
[crit] Memory allocation failed, aborting process.
[crit] Memory allocation failed, aborting process.
[crit] Memory allocation failed, aborting process.
[crit] Memory allocation failed, aborting process.
[Wed Jan 13 11:37:24.403618 2021] [core:notice] [pid 1254] AH00051: child pid 5578 exit signal Segmentation fault (11), possible coredump in /etc/apache2
[Wed Jan 13 11:37:24.488971 2021] [core:notice] [pid 1254] AH00051: child pid 5579 exit signal Segmentation fault (11), possible coredump in /etc/apache2
[Wed Jan 13 11:37:24.491595 2021] [core:notice] [pid 1254] AH00051: child pid 5580 exit signal Segmentation fault (11), possible coredump in /etc/apache2
[Wed Jan 13 11:37:24.491610 2021] [core:notice] [pid 1254] AH00051: child pid 5582 exit signal Segmentation fault (11), possible coredump in /etc/apache2
[Wed Jan 13 11:37:24.491616 2021] [core:notice] [pid 1254] AH00051: child pid 5584 exit signal Segmentation fault (11), possible coredump in /etc/apache2
[Wed Jan 13 11:37:24.491626 2021] [core:notice] [pid 1254] AH00051: child pid 5586 exit signal Segmentation fault (11), possible coredump in /etc/apache2
[Wed Jan 13 11:37:24.491632 2021] [core:notice] [pid 1254] AH00051: child pid 5587 exit signal Segmentation fault (11), possible coredump in /etc/apache2
[Wed Jan 13 11:37:24.491639 2021] [core:notice] [pid 1254] AH00051: child pid 5588 exit signal Segmentation fault (11), possible coredump in /etc/apache2
[Wed Jan 13 11:37:24.491644 2021] [core:notice] [pid 1254] AH00051: child pid 5589 exit signal Segmentation fault (11), possible coredump in /etc/apache2
[Wed Jan 13 11:37:24.491650 2021] [core:notice] [pid 1254] AH00051: child pid 5591 exit signal Segmentation fault (11), possible coredump in /etc/apache2
[Wed Jan 13 11:37:24.491656 2021] [core:notice] [pid 1254] AH00051: child pid 5592 exit signal Segmentation fault (11), possible coredump in /etc/apache2
[Wed Jan 13 11:37:24.491662 2021] [core:notice] [pid 1254] AH00051: child pid 5593 exit signal Segmentation fault (11), possible coredump in /etc/apache2
[Wed Jan 13 11:37:24.491668 2021] [core:notice] [pid 1254] AH00051: child pid 5618 exit signal Segmentation fault (11), possible coredump in /etc/apache2
[Wed Jan 13 11:37:24.491674 2021] [core:notice] [pid 1254] AH00051: child pid 5619 exit signal Segmentation fault (11), possible coredump in /etc/apache2
[Wed Jan 13 11:37:24.491680 2021] [core:notice] [pid 1254] AH00051: child pid 5620 exit signal Segmentation fault (11), possible coredump in /etc/apache2
[Wed Jan 13 11:37:24.491686 2021] [core:notice] [pid 1254] AH00051: child pid 5622 exit signal Aborted (6), possible coredump in /etc/apache2
[Wed Jan 13 11:37:24.491693 2021] [core:notice] [pid 1254] AH00051: child pid 5623 exit signal Aborted (6), possible coredump in /etc/apache2
[Wed Jan 13 11:37:24.491699 2021] [core:notice] [pid 1254] AH00051: child pid 5624 exit signal Aborted (6), possible coredump in /etc/apache2
[Wed Jan 13 11:37:24.491705 2021] [core:notice] [pid 1254] AH00051: child pid 5629 exit signal Aborted (6), possible coredump in /etc/apache2
[Wed Jan 13 11:37:24.491711 2021] [core:notice] [pid 1254] AH00051: child pid 5630 exit signal Aborted (6), possible coredump in /etc/apache2
[Wed Jan 13 11:37:24.491754 2021] [core:notice] [pid 1254] AH00051: child pid 5631 exit signal Aborted (6), possible coredump in /etc/apache2
[Wed Jan 13 11:37:24.491760 2021] [core:notice] [pid 1254] AH00051: child pid 5632 exit signal Aborted (6), possible coredump in /etc/apache2
[Wed Jan 13 11:37:24.491767 2021] [core:notice] [pid 1254] AH00051: child pid 5636 exit signal Aborted (6), possible coredump in /etc/apache2
[Wed Jan 13 11:37:24.491769 2021] [core:error] [pid 1254] AH00546: no record of generation 0 of exiting child 5636

mmap() failed: [12] Cannot allocate memory

mmap() failed: [12] Cannot allocate memory
[Wed Jan 13 11:37:24.837135 2021] [core:notice] [pid 1254] AH00051: child pid 5688 exit signal Aborted (6), possible coredump in /etc/apache2
[Wed Jan 13 11:37:24.837160 2021] [core:error] [pid 1254] AH00546: no record of generation 0 of exiting child 5688
[Wed Jan 13 11:37:24.837172 2021] [core:notice] [pid 1254] AH00051: child pid 5689 exit signal Aborted (6), possible coredump in /etc/apache2
[Wed Jan 13 11:37:24.837174 2021] [core:error] [pid 1254] AH00546: no record of generation 0 of exiting child 5689
[Wed Jan 13 11:37:24.837181 2021] [core:notice] [pid 1254] AH00051: child pid 5690 exit signal Aborted (6), possible coredump in /etc/apache2
[Wed Jan 13 11:37:24.837183 2021] [core:error] [pid 1254] AH00546: no record of generation 0 of exiting child 5690
[Wed Jan 13 11:37:24.837190 2021] [core:notice] [pid 1254] AH00051: child pid 5691 exit signal Aborted (6), possible coredump in /etc/apache2
[Wed Jan 13 11:37:24.837191 2021] [core:error] [pid 1254] AH00546: no record of generation 0 of exiting child 5691
[Wed Jan 13 11:37:24.837198 2021] [core:notice] [pid 1254] AH00051: child pid 5692 exit signal Aborted (6), possible coredump in /etc/apache2
[Wed Jan 13 11:37:24.837200 2021] [core:error] [pid 1254] AH00546: no record of generation 0 of exiting child 5692
[Wed Jan 13 11:37:24.837207 2021] [core:notice] [pid 1254] AH00051: child pid 5693 exit signal Aborted (6), possible coredump in /etc/apache2
[Wed Jan 13 11:37:24.837208 2021] [core:error] [pid 1254] AH00546: no record of generation 0 of exiting child 5693
[Wed Jan 13 11:37:24.837216 2021] [core:notice] [pid 1254] AH00051: child pid 5694 exit signal Aborted (6), possible coredump in /etc/apache2
[Wed Jan 13 11:37:24.837218 2021] [core:error] [pid 1254] AH00546: no record of generation 0 of exiting child 5694
[Wed Jan 13 11:37:24.837225 2021] [core:notice] [pid 1254] AH00051: child pid 5695 exit signal Aborted (6), possible coredump in /etc/apache2
[Wed Jan 13 11:37:24.837227 2021] [core:error] [pid 1254] AH00546: no record of generation 0 of exiting child 5695

mmap() failed: [12] Cannot allocate memory

mmap() failed: [12] Cannot allocate memory
[Wed Jan 13 11:37:25.166141 2021] [mpm_prefork:notice] [pid 1254] AH00169: caught SIGTERM, shutting down
[Wed Jan 13 11:37:54.652914 2021] [mpm_prefork:notice] [pid 1280] AH00163: Apache/2.4.18 (Ubuntu) OpenSSL/1.0.2g configured -- resuming normal operations
[Wed Jan 13 11:37:54.659670 2021] [core:notice] [pid 1280] AH00094: Command line: '/usr/sbin/apache2'
[Wed Jan 13 11:43:29.118198 2021] [:error] [pid 2499] [client 59.36.119.251:64447] PHP Warning:  mysqli_query(): MySQL server has gone away in /var/www/html/wp-includes/wp-db.php on line 2007
[Wed Jan 13 11:43:29.258773 2021] [:error] [pid 2499] [client 59.36.119.251:64447] PHP Warning:  mysqli_query(): Error reading result set's header in /var/www/html/wp-includes/wp-db.php on line 2007
[Wed Jan 13 11:43:29.118426 2021] [:error] [pid 2500] [client 101.89.34.219:55657] PHP Warning:  mysqli_query(): MySQL server has gone away in /var/www/html/wp-includes/wp-db.php on line 2007
[Wed Jan 13 11:43:29.258991 2021] [:error] [pid 2500] [client 101.89.34.219:55657] PHP Warning:  mysqli_query(): Error reading result set's header in /var/www/html/wp-includes/wp-db.php on line 2007
[Wed Jan 13 11:43:29.118504 2021] [:error] [pid 2493] [client 123.151.144.18:49720] PHP Warning:  mysqli_query(): MySQL server has gone away in /var/www/html/wp-includes/wp-db.php on line 2007
[Wed Jan 13 11:43:29.259132 2021] [:error] [pid 2493] [client 123.151.144.18:49720] PHP Warning:  mysqli_query(): Error reading result set's header in /var/www/html/wp-includes/wp-db.php on line 2007
[Wed Jan 13 11:43:29.118570 2021] [:error] [pid 2522] [client 123.151.144.18:53554] PHP Warning:  mysqli_query(): MySQL server has gone away in /var/www/html/wp-includes/wp-db.php on line 844
[Wed Jan 13 11:43:29.259242 2021] [:error] [pid 2522] [client 123.151.144.18:53554] PHP Warning:  mysqli_query(): Error reading result set's header in /var/www/html/wp-includes/wp-db.php on line 844
[Wed Jan 13 11:43:29.118636 2021] [:error] [pid 2480] [client 101.89.34.219:53245] PHP Warning:  mysqli_query(): MySQL server has gone away in /var/www/html/wp-includes/wp-db.php on line 2007
[Wed Jan 13 11:43:29.259649 2021] [:error] [pid 2480] [client 101.89.34.219:53245] PHP Warning:  mysqli_query(): Error reading result set's header in /var/www/html/wp-includes/wp-db.php on line 2007
[Wed Jan 13 11:43:29.118702 2021] [:error] [pid 2521] [client 101.89.32.18:64207] PHP Warning:  mysqli_query(): MySQL server has gone away in /var/www/html/wp-includes/wp-db.php on line 844
[Wed Jan 13 11:43:29.259791 2021] [:error] [pid 2521] [client 101.89.32.18:64207] PHP Warning:  mysqli_query(): Error reading result set's header in /var/www/html/wp-includes/wp-db.php on line 844
[Wed Jan 13 11:43:29.118770 2021] [:error] [pid 1313] [client 101.89.34.219:54373] PHP Warning:  mysqli_query(): MySQL server has gone away in /var/www/html/wp-includes/wp-db.php on line 2007
[Wed Jan 13 11:43:29.260068 2021] [:error] [pid 1313] [client 101.89.34.219:54373] PHP Warning:  mysqli_query(): Error reading result set's header in /var/www/html/wp-includes/wp-db.php on line 2007
[Wed Jan 13 11:43:29.118870 2021] [:error] [pid 2523] [client 101.89.34.219:54648] PHP Warning:  mysqli_query(): MySQL server has gone away in /var/www/html/wp-includes/wp-db.php on line 844
[Wed Jan 13 11:43:29.260186 2021] [:error] [pid 2523] [client 101.89.34.219:54648] PHP Warning:  mysqli_query(): Error reading result set's header in /var/www/html/wp-includes/wp-db.php on line 844
[Wed Jan 13 11:43:29.118943 2021] [:error] [pid 2498] [client 101.89.34.219:52728] PHP Warning:  mysqli_query(): MySQL server has gone away in /var/www/html/wp-includes/wp-db.php on line 2007
[Wed Jan 13 11:43:29.260451 2021] [:error] [pid 2498] [client 101.89.34.219:52728] PHP Warning:  mysqli_query(): Error reading result set's header in /var/www/html/wp-includes/wp-db.php on line 2007
[Wed Jan 13 11:43:29.119013 2021] [:error] [pid 2527] [client 101.89.34.219:55267] PHP Warning:  mysqli_query(): MySQL server has gone away in /var/www/html/wp-includes/wp-db.php on line 844, referer: https://www.baidu.com/link?url=9BKSBm5IUUhnj4Kc4gy7ilUIxFsSWPTZAkSctV2OAXsQPEb6xCsRc90HJmNAyWel&wd=&eqid=fc066c0a00009f67000000065ffe6c0a
[Wed Jan 13 11:43:29.260577 2021] [:error] [pid 2527] [client 101.89.34.219:55267] PHP Warning:  mysqli_query(): Error reading result set's header in /var/www/html/wp-includes/wp-db.php on line 844, referer: https://www.baidu.com/link?url=9BKSBm5IUUhnj4Kc4gy7ilUIxFsSWPTZAkSctV2OAXsQPEb6xCsRc90HJmNAyWel&wd=&eqid=fc066c0a00009f67000000065ffe6c0a
[Wed Jan 13 11:43:29.119091 2021] [:error] [pid 2524] [client 101.89.34.219:54639] PHP Warning:  mysqli_query(): MySQL server has gone away in /var/www/html/wp-includes/wp-db.php on line 844
[Wed Jan 13 11:43:29.260845 2021] [:error] [pid 2524] [client 101.89.34.219:54639] PHP Warning:  mysqli_query(): Error reading result set's header in /var/www/html/wp-includes/wp-db.php on line 844
[Wed Jan 13 11:43:29.119159 2021] [:error] [pid 2526] [client 123.151.144.18:53609] PHP Warning:  mysqli_query(): MySQL server has gone away in /var/www/html/wp-includes/wp-db.php on line 844
[Wed Jan 13 11:43:29.261090 2021] [:error] [pid 2526] [client 123.151.144.18:53609] PHP Warning:  mysqli_query(): Error reading result set's header in /var/www/html/wp-includes/wp-db.php on line 844
[Wed Jan 13 11:43:29.119231 2021] [:error] [pid 1314] [client 101.89.34.219:53791] PHP Warning:  mysqli_query(): MySQL server has gone away in /var/www/html/wp-includes/wp-db.php on line 2007
[Wed Jan 13 11:43:29.261335 2021] [:error] [pid 1314] [client 101.89.34.219:53791] PHP Warning:  mysqli_query(): Error reading result set's header in /var/www/html/wp-includes/wp-db.php on line 2007
[Wed Jan 13 11:43:29.119312 2021] [:error] [pid 2492] [client 101.89.34.219:55061] PHP Warning:  mysqli_query(): MySQL server has gone away in /var/www/html/wp-includes/wp-db.php on line 2007, referer: https://link.zhihu.com/?target=https%3A//www.leadroyal.cn/%3Fp%3D1228
[Wed Jan 13 11:43:29.261474 2021] [:error] [pid 2492] [client 101.89.34.219:55061] PHP Warning:  mysqli_query(): Error reading result set's header in /var/www/html/wp-includes/wp-db.php on line 2007, referer: https://link.zhihu.com/?target=https%3A//www.leadroyal.cn/%3Fp%3D1228
[Wed Jan 13 11:43:29.120644 2021] [:error] [pid 2497] [client 101.89.34.219:53838] PHP Warning:  mysqli_query(): MySQL server has gone away in /var/www/html/wp-includes/wp-db.php on line 2007
[Wed Jan 13 11:43:29.261591 2021] [:error] [pid 2497] [client 101.89.34.219:53838] PHP Warning:  mysqli_query(): Error reading result set's header in /var/www/html/wp-includes/wp-db.php on line 2007
[Wed Jan 13 11:43:28.387622 2021] [mpm_prefork:error] [pid 1280] (12)Cannot allocate memory: AH00159: fork: Unable to fork new process
[Wed Jan 13 11:43:29.247660 2021] [:error] [pid 1310] [client 101.89.34.219:53215] PHP Warning:  Error while sending QUERY packet. PID=1310 in /var/www/html/wp-includes/wp-db.php on line 2007
[Wed Jan 13 11:43:29.252369 2021] [:error] [pid 1312] [client 101.89.34.243:50740] PHP Warning:  Error while sending QUERY packet. PID=1312 in /var/www/html/wp-includes/wp-db.php on line 2007
[Wed Jan 13 11:43:29.318590 2021] [:error] [pid 2511] [client 101.89.34.219:54524] PHP Warning:  Error while sending QUERY packet. PID=2511 in /var/www/html/wp-includes/wp-db.php on line 2007
[Wed Jan 13 11:43:29.428437 2021] [:error] [pid 2506] [client 116.128.128.91:41144] PHP Warning:  Error while sending QUERY packet. PID=2506 in /var/www/html/wp-includes/wp-db.php on line 2007
[Wed Jan 13 11:43:29.432656 2021] [:error] [pid 2507] [client 101.89.34.219:55681] PHP Warning:  Error while sending QUERY packet. PID=2507 in /var/www/html/wp-includes/wp-db.php on line 2007
[Wed Jan 13 11:43:29.436298 2021] [:error] [pid 2510] [client 101.89.34.219:52291] PHP Warning:  Error while sending QUERY packet. PID=2510 in /var/www/html/wp-includes/wp-db.php on line 2007
[Wed Jan 13 11:43:29.438116 2021] [:error] [pid 2509] [client 59.36.119.251:65062] PHP Warning:  Error while sending QUERY packet. PID=2509 in /var/www/html/wp-includes/wp-db.php on line 2007
[Wed Jan 13 11:43:29.438957 2021] [:error] [pid 2508] [client 101.89.34.225:16844] PHP Warning:  Error while sending QUERY packet. PID=2508 in /var/www/html/wp-includes/wp-db.php on line 2007
[Wed Jan 13 11:43:29.751332 2021] [:error] [pid 2505] [client 101.89.34.219:54018] PHP Warning:  Error while sending QUERY packet. PID=2505 in /var/www/html/wp-includes/wp-db.php on line 2007
[Wed Jan 13 11:43:29.751924 2021] [:error] [pid 2512] [client 101.89.34.219:55707] PHP Warning:  Error while sending QUERY packet. PID=2512 in /var/www/html/wp-includes/wp-db.php on line 2007
[Wed Jan 13 11:43:29.833176 2021] [:error] [pid 1311] [client 101.89.34.219:54954] PHP Warning:  Error while sending QUERY packet. PID=1311 in /var/www/html/wp-includes/wp-db.php on line 2007
[Wed Jan 13 11:44:03.449749 2021] [:error] [pid 2555] [client 123.151.144.18:32121] PHP Fatal error:  Out of memory (allocated 6291456) (tried to allocate 20480 bytes) in /var/www/html/wp-includes/pomo/mo.php on line 323
[Wed Jan 13 11:44:03.450610 2021] [:error] [pid 2619] [client 101.89.34.219:14995] PHP Fatal error:  Out of memory (allocated 6291456) (tried to allocate 20480 bytes) in /var/www/html/wp-includes/pomo/mo.php on line 323
[Wed Jan 13 11:44:03.457235 2021] [:error] [pid 2618] [client 59.36.119.251:29302] PHP Fatal error:  Out of memory (allocated 4194304) (tried to allocate 65536 bytes) in /var/www/html/wp-content/plugins/wp-mail-smtp/vendor/woocommerce/action-scheduler/classes/abstracts/ActionScheduler.php on line 122
[Wed Jan 13 11:44:03.496148 2021] [:error] [pid 2555] [client 123.151.144.18:32121] PHP Fatal error:  Out of memory (allocated 6291456) (tried to allocate 28672 bytes) in /var/www/html/wp-includes/pomo/streams.php on line 163
[Wed Jan 13 11:44:03.505261 2021] [:error] [pid 2618] [client 59.36.119.251:29302] PHP Fatal error:  Out of memory (allocated 4194304) (tried to allocate 28672 bytes) in /var/www/html/wp-includes/pomo/streams.php on line 163
[Wed Jan 13 11:44:03.508039 2021] [:error] [pid 2619] [client 101.89.34.219:14995] PHP Fatal error:  Out of memory (allocated 6291456) (tried to allocate 28672 bytes) in /var/www/html/wp-includes/pomo/streams.php on line 163
[Wed Jan 13 11:44:03.556921 2021] [:error] [pid 2550] [client 101.89.34.219:15085] PHP Fatal error:  Out of memory (allocated 10485760) (tried to allocate 20480 bytes) in /var/www/html/wp-includes/pomo/mo.php on line 323
[Wed Jan 13 11:44:03.557051 2021] [:error] [pid 2557] [client 101.89.34.219:15788] PHP Fatal error:  Out of memory (allocated 6291456) (tried to allocate 4096 bytes) in /var/www/html/wp-content/plugins/wp-statistics/includes/vendor/whichbrowser/parser/data/models-android.php on line 15078
[Wed Jan 13 11:44:03.600514 2021] [:error] [pid 2550] [client 101.89.34.219:15085] PHP Fatal error:  Out of memory (allocated 10485760) (tried to allocate 20480 bytes) in /var/www/html/wp-includes/class-wp-fatal-error-handler.php on line 65
[crit] Memory allocation failed, aborting process.
[crit] Memory allocation failed, aborting process.
[crit] Memory allocation failed, aborting process.
[crit] Memory allocation failed, aborting process.
[crit] Memory allocation failed, aborting process.
[crit] Memory allocation failed, aborting process.
[crit] Memory allocation failed, aborting process.
[crit] Memory allocation failed, aborting process.
[crit] Memory allocation failed, aborting process.
[crit] Memory allocation failed, aborting process.
[crit] Memory allocation failed, aborting process.
[crit] Memory allocation failed, aborting process.
[crit] Memory allocation failed, aborting process.
[Wed Jan 13 11:45:15.686672 2021] [:error] [pid 2533] [client 101.89.34.219:16308] PHP Warning:  Error while sending QUERY packet. PID=2533 in /var/www/html/wp-includes/wp-db.php on line 806
[Wed Jan 13 11:45:15.866368 2021] [:error] [pid 2533] [client 101.89.34.219:16308] PHP Warning:  mysqli_set_charset(): Error executing query in /var/www/html/wp-includes/wp-db.php on line 806
[Wed Jan 13 11:45:15.686954 2021] [:error] [pid 2627] [client 101.89.34.219:15173] PHP Warning:  mysqli_query(): MySQL server has gone away in /var/www/html/wp-includes/wp-db.php on line 2007
[Wed Jan 13 11:45:15.866754 2021] [:error] [pid 2627] [client 101.89.34.219:15173] PHP Warning:  mysqli_query(): Error reading result set's header in /var/www/html/wp-includes/wp-db.php on line 2007
[Wed Jan 13 11:45:15.686982 2021] [:error] [pid 2528] [client 101.89.34.219:15170] PHP Warning:  mysqli_query(): MySQL server has gone away in /var/www/html/wp-includes/wp-db.php on line 2007
[Wed Jan 13 11:45:15.866961 2021] [:error] [pid 2528] [client 101.89.34.219:15170] PHP Warning:  mysqli_query(): Error reading result set's header in /var/www/html/wp-includes/wp-db.php on line 2007
[Wed Jan 13 11:45:15.687008 2021] [:error] [pid 2537] [client 59.36.119.251:28630] PHP Warning:  mysqli_query(): MySQL server has gone away in /var/www/html/wp-includes/wp-db.php on line 2007
[Wed Jan 13 11:45:15.867080 2021] [:error] [pid 2537] [client 59.36.119.251:28630] PHP Warning:  mysqli_query(): Error reading result set's header in /var/www/html/wp-includes/wp-db.php on line 2007
[Wed Jan 13 11:45:15.687031 2021] [:error] [pid 2559] [client 101.89.34.219:15246] PHP Warning:  mysqli_query(): MySQL server has gone away in /var/www/html/wp-includes/wp-db.php on line 2007
[Wed Jan 13 11:45:15.867185 2021] [:error] [pid 2559] [client 101.89.34.219:15246] PHP Warning:  mysqli_query(): Error reading result set's header in /var/www/html/wp-includes/wp-db.php on line 2007
[Wed Jan 13 11:45:15.687055 2021] [:error] [pid 2628] [client 101.89.34.219:14876] PHP Warning:  mysqli_query(): MySQL server has gone away in /var/www/html/wp-includes/wp-db.php on line 2007
[Wed Jan 13 11:45:15.897516 2021] [:error] [pid 2628] [client 101.89.34.219:14876] PHP Warning:  mysqli_query(): Error reading result set's header in /var/www/html/wp-includes/wp-db.php on line 2007
[Wed Jan 13 11:45:15.687079 2021] [:error] [pid 2615] [client 59.36.119.251:29207] PHP Warning:  mysqli_query(): MySQL server has gone away in /var/www/html/wp-includes/wp-db.php on line 2007
[Wed Jan 13 11:45:15.897742 2021] [:error] [pid 2615] [client 59.36.119.251:29207] PHP Warning:  mysqli_query(): Error reading result set's header in /var/www/html/wp-includes/wp-db.php on line 2007
[Wed Jan 13 11:45:15.687105 2021] [:error] [pid 2617] [client 123.151.144.18:32192] PHP Warning:  mysqli_query(): MySQL server has gone away in /var/www/html/wp-includes/wp-db.php on line 2007
[Wed Jan 13 11:45:15.897890 2021] [:error] [pid 2617] [client 123.151.144.18:32192] PHP Warning:  mysqli_query(): Error reading result set's header in /var/www/html/wp-includes/wp-db.php on line 2007
[Wed Jan 13 11:45:15.687130 2021] [:error] [pid 2530] [client 123.151.144.18:31193] PHP Warning:  mysqli_query(): MySQL server has gone away in /var/www/html/wp-includes/wp-db.php on line 2007
[Wed Jan 13 11:45:15.898040 2021] [:error] [pid 2530] [client 123.151.144.18:31193] PHP Warning:  mysqli_query(): Error reading result set's header in /var/www/html/wp-includes/wp-db.php on line 2007
[Wed Jan 13 11:45:15.687154 2021] [:error] [pid 2529] [client 101.89.34.219:16087] PHP Warning:  mysqli_query(): MySQL server has gone away in /var/www/html/wp-includes/wp-db.php on line 2007
[Wed Jan 13 11:45:15.898174 2021] [:error] [pid 2529] [client 101.89.34.219:16087] PHP Warning:  mysqli_query(): Error reading result set's header in /var/www/html/wp-includes/wp-db.php on line 2007
[Wed Jan 13 11:45:15.687182 2021] [:error] [pid 2552] [client 123.151.144.18:30124] PHP Warning:  mysqli_query(): MySQL server has gone away in /var/www/html/wp-includes/wp-db.php on line 2007
[Wed Jan 13 11:45:15.898284 2021] [:error] [pid 2552] [client 123.151.144.18:30124] PHP Warning:  mysqli_query(): Error reading result set's header in /var/www/html/wp-includes/wp-db.php on line 2007
[Wed Jan 13 11:45:15.687203 2021] [:error] [pid 2614] [client 101.89.34.219:16015] PHP Warning:  mysqli_query(): MySQL server has gone away in /var/www/html/wp-includes/wp-db.php on line 2007
[Wed Jan 13 11:45:15.898421 2021] [:error] [pid 2614] [client 101.89.34.219:16015] PHP Warning:  mysqli_query(): Error reading result set's header in /var/www/html/wp-includes/wp-db.php on line 2007
[Wed Jan 13 11:45:15.687227 2021] [:error] [pid 2553] [client 59.36.119.251:29180] PHP Warning:  mysqli_query(): MySQL server has gone away in /var/www/html/wp-includes/wp-db.php on line 2007
[Wed Jan 13 11:45:15.898525 2021] [:error] [pid 2553] [client 59.36.119.251:29180] PHP Warning:  mysqli_query(): Error reading result set's header in /var/www/html/wp-includes/wp-db.php on line 2007
[Wed Jan 13 11:45:15.687250 2021] [:error] [pid 2616] [client 123.151.144.18:31255] PHP Warning:  mysqli_query(): MySQL server has gone away in /var/www/html/wp-includes/wp-db.php on line 2007
[Wed Jan 13 11:45:15.898632 2021] [:error] [pid 2616] [client 123.151.144.18:31255] PHP Warning:  mysqli_query(): Error reading result set's header in /var/www/html/wp-includes/wp-db.php on line 2007
[Wed Jan 13 11:45:16.146239 2021] [:error] [pid 2551] [client 123.151.144.18:33713] PHP Warning:  Error while sending QUERY packet. PID=2551 in /var/www/html/wp-includes/wp-db.php on line 2007
[Wed Jan 13 11:45:16.146645 2021] [:error] [pid 2510] [client 101.89.34.219:16206] PHP Warning:  Error while sending QUERY packet. PID=2510 in /var/www/html/wp-includes/wp-db.php on line 2007
[Wed Jan 13 11:45:16.147030 2021] [:error] [pid 2506] [client 59.36.119.251:29762] PHP Warning:  Error while sending QUERY packet. PID=2506 in /var/www/html/wp-includes/wp-db.php on line 2007
[Wed Jan 13 11:45:16.235233 2021] [:error] [pid 2512] [client 101.89.34.219:16240] PHP Warning:  Error while sending QUERY packet. PID=2512 in /var/www/html/wp-includes/wp-db.php on line 2007
[Wed Jan 13 11:45:16.256530 2021] [:error] [pid 2508] [client 101.89.34.219:16283] PHP Warning:  Error while sending QUERY packet. PID=2508 in /var/www/html/wp-includes/wp-db.php on line 2007
[Wed Jan 13 11:45:16.531158 2021] [:error] [pid 2509] [client 101.89.34.154:57446] PHP Warning:  Error while sending QUERY packet. PID=2509 in /var/www/html/wp-includes/wp-db.php on line 2007
[Wed Jan 13 11:45:16.531723 2021] [:error] [pid 2507] [client 59.36.119.251:28858] PHP Warning:  Error while sending QUERY packet. PID=2507 in /var/www/html/wp-includes/wp-db.php on line 2007
[Wed Jan 13 11:45:16.533347 2021] [:error] [pid 2505] [client 101.89.34.219:14996] PHP Warning:  Error while sending QUERY packet. PID=2505 in /var/www/html/wp-includes/wp-db.php on line 2007

mmap() failed: [12] Cannot allocate memory

mmap() failed: [12] Cannot allocate memory

mmap() failed: [12] Cannot allocate memory
[Wed Jan 13 11:45:19.723258 2021] [core:notice] [pid 1280] AH00051: child pid 2838 exit signal Segmentation fault (11), possible coredump in /etc/apache2
[Wed Jan 13 11:45:19.728562 2021] [core:notice] [pid 1280] AH00051: child pid 2839 exit signal Aborted (6), possible coredump in /etc/apache2
[Wed Jan 13 11:45:19.728584 2021] [core:notice] [pid 1280] AH00051: child pid 2840 exit signal Aborted (6), possible coredump in /etc/apache2
[Wed Jan 13 11:45:19.728599 2021] [core:notice] [pid 1280] AH00051: child pid 2843 exit signal Aborted (6), possible coredump in /etc/apache2
[Wed Jan 13 11:45:19.728613 2021] [core:notice] [pid 1280] AH00051: child pid 2844 exit signal Aborted (6), possible coredump in /etc/apache2
[Wed Jan 13 11:45:19.728626 2021] [core:notice] [pid 1280] AH00051: child pid 2845 exit signal Aborted (6), possible coredump in /etc/apache2
[Wed Jan 13 11:45:19.728639 2021] [core:notice] [pid 1280] AH00051: child pid 2846 exit signal Aborted (6), possible coredump in /etc/apache2
[Wed Jan 13 11:45:19.728652 2021] [core:notice] [pid 1280] AH00051: child pid 2849 exit signal Aborted (6), possible coredump in /etc/apache2
[Wed Jan 13 11:45:19.728666 2021] [core:notice] [pid 1280] AH00051: child pid 2851 exit signal Aborted (6), possible coredump in /etc/apache2
[Wed Jan 13 11:45:19.728680 2021] [core:notice] [pid 1280] AH00051: child pid 2852 exit signal Aborted (6), possible coredump in /etc/apache2
[Wed Jan 13 11:45:19.728693 2021] [core:notice] [pid 1280] AH00051: child pid 2854 exit signal Aborted (6), possible coredump in /etc/apache2
[Wed Jan 13 11:45:19.728706 2021] [core:notice] [pid 1280] AH00051: child pid 2855 exit signal Aborted (6), possible coredump in /etc/apache2
[Wed Jan 13 11:45:19.728719 2021] [core:notice] [pid 1280] AH00051: child pid 2856 exit signal Aborted (6), possible coredump in /etc/apache2
[Wed Jan 13 11:45:19.728733 2021] [core:notice] [pid 1280] AH00051: child pid 2857 exit signal Aborted (6), possible coredump in /etc/apache2

mmap() failed: [12] Cannot allocate memory

mmap() failed: [12] Cannot allocate memory

mmap() failed: [12] Cannot allocate memory

mmap() failed: [12] Cannot allocate memory

mmap() failed: [12] Cannot allocate memory

mmap() failed: [12] Cannot allocate memory

mmap() failed: [12] Cannot allocate memory

mmap() failed: [12] Cannot allocate memory

mmap() failed: [12] Cannot allocate memory

mmap() failed: [12] Cannot allocate memory

mmap() failed: [12] Cannot allocate memory
[crit] Memory allocation failed, aborting process.
[crit] Memory allocation failed, aborting process.
[crit] Memory allocation failed, aborting process.
[crit] Memory allocation failed, aborting process.
[crit] Memory allocation failed, aborting process.
[crit] Memory allocation failed, aborting process.
[crit] Memory allocation failed, aborting process.
[crit] Memory allocation failed, aborting process.
[crit] Memory allocation failed, aborting process.
[crit] Memory allocation failed, aborting process.
[crit] Memory allocation failed, aborting process.
[crit] Memory allocation failed, aborting process.
[crit] Memory allocation failed, aborting process.
[crit] Memory allocation failed, aborting process.
[crit] Memory allocation failed, aborting process.
[Wed Jan 13 11:49:07.176693 2021] [mpm_prefork:error] [pid 1280] (12)Cannot allocate memory: AH00159: fork: Unable to fork new process
[Wed Jan 13 11:49:09.763818 2021] [:error] [pid 1311] [client 101.89.34.219:62017] PHP Warning:  mysqli_query(): MySQL server has gone away in /var/www/html/wp-includes/wp-db.php on line 2007
[Wed Jan 13 11:49:09.763885 2021] [:error] [pid 1311] [client 101.89.34.219:62017] PHP Warning:  mysqli_query(): Error reading result set's header in /var/www/html/wp-includes/wp-db.php on line 2007
[Wed Jan 13 11:49:09.764031 2021] [:error] [pid 2529] [client 220.194.88.217:56386] PHP Warning:  mysqli_query(): MySQL server has gone away in /var/www/html/wp-includes/wp-db.php on line 2007
[Wed Jan 13 11:49:09.764060 2021] [:error] [pid 2529] [client 220.194.88.217:56386] PHP Warning:  mysqli_query(): Error reading result set's header in /var/www/html/wp-includes/wp-db.php on line 2007
[Wed Jan 13 11:49:09.764134 2021] [:error] [pid 3670] [client 101.89.34.219:62782] PHP Warning:  mysqli_query(): MySQL server has gone away in /var/www/html/wp-includes/wp-db.php on line 2007
[Wed Jan 13 11:49:09.764234 2021] [:error] [pid 3670] [client 101.89.34.219:62782] PHP Warning:  mysqli_query(): Error reading result set's header in /var/www/html/wp-includes/wp-db.php on line 2007
[Wed Jan 13 11:49:09.764305 2021] [:error] [pid 3669] [client 101.89.34.219:60891] PHP Warning:  mysqli_query(): MySQL server has gone away in /var/www/html/wp-includes/wp-db.php on line 2007
[Wed Jan 13 11:49:09.764345 2021] [:error] [pid 3669] [client 101.89.34.219:60891] PHP Warning:  mysqli_query(): Error reading result set's header in /var/www/html/wp-includes/wp-db.php on line 2007
[Wed Jan 13 11:49:09.764412 2021] [:error] [pid 2530] [client 101.89.34.219:64625] PHP Warning:  mysqli_query(): MySQL server has gone away in /var/www/html/wp-includes/wp-db.php on line 2007
[Wed Jan 13 11:49:09.764435 2021] [:error] [pid 2530] [client 101.89.34.219:64625] PHP Warning:  mysqli_query(): Error reading result set's header in /var/www/html/wp-includes/wp-db.php on line 2007
[Wed Jan 13 11:49:09.764497 2021] [:error] [pid 2617] [client 101.89.34.219:62843] PHP Warning:  mysqli_query(): MySQL server has gone away in /var/www/html/wp-includes/wp-db.php on line 2007
[Wed Jan 13 11:49:09.764520 2021] [:error] [pid 2617] [client 101.89.34.219:62843] PHP Warning:  mysqli_query(): Error reading result set's header in /var/www/html/wp-includes/wp-db.php on line 2007
[Wed Jan 13 11:49:09.764575 2021] [:error] [pid 2559] [client 59.36.119.251:27241] PHP Warning:  mysqli_query(): MySQL server has gone away in /var/www/html/wp-includes/wp-db.php on line 2007
[Wed Jan 13 11:49:09.764591 2021] [:error] [pid 2559] [client 59.36.119.251:27241] PHP Warning:  mysqli_query(): Error reading result set's header in /var/www/html/wp-includes/wp-db.php on line 2007
[Wed Jan 13 11:49:09.764648 2021] [:error] [pid 2509] [client 101.89.34.219:64603] PHP Warning:  mysqli_query(): MySQL server has gone away in /var/www/html/wp-includes/wp-db.php on line 2007
[Wed Jan 13 11:49:09.764665 2021] [:error] [pid 2509] [client 101.89.34.219:64603] PHP Warning:  mysqli_query(): Error reading result set's header in /var/www/html/wp-includes/wp-db.php on line 2007
[Wed Jan 13 11:49:09.764719 2021] [:error] [pid 3618] [client 101.89.34.219:61570] PHP Warning:  mysqli_query(): MySQL server has gone away in /var/www/html/wp-includes/wp-db.php on line 2007
[Wed Jan 13 11:49:09.764737 2021] [:error] [pid 3618] [client 101.89.34.219:61570] PHP Warning:  mysqli_query(): Error reading result set's header in /var/www/html/wp-includes/wp-db.php on line 2007
[Wed Jan 13 11:49:09.764805 2021] [:error] [pid 3616] [client 101.89.34.219:64543] PHP Warning:  mysqli_query(): MySQL server has gone away in /var/www/html/wp-includes/wp-db.php on line 2007
[Wed Jan 13 11:49:09.764843 2021] [:error] [pid 3616] [client 101.89.34.219:64543] PHP Warning:  mysqli_query(): Error reading result set's header in /var/www/html/wp-includes/wp-db.php on line 2007
[Wed Jan 13 11:49:09.835383 2021] [:error] [pid 2628] [client 101.89.27.209:43856] PHP Warning:  Error while sending QUERY packet. PID=2628 in /var/www/html/wp-includes/wp-db.php on line 2007, referer: https://www.leadroyal.cn/
[Wed Jan 13 11:49:09.837042 2021] [:error] [pid 2508] [client 101.89.34.219:61130] PHP Warning:  Error while sending QUERY packet. PID=2508 in /var/www/html/wp-includes/wp-db.php on line 2007
[Wed Jan 13 11:49:09.837236 2021] [:error] [pid 2507] [client 101.89.34.219:64770] PHP Warning:  Error while sending QUERY packet. PID=2507 in /var/www/html/wp-includes/wp-db.php on line 2007
[Wed Jan 13 11:49:09.838905 2021] [:error] [pid 3680] [client 101.89.34.219:63477] PHP Warning:  Error while sending QUERY packet. PID=3680 in /var/www/html/wp-includes/wp-db.php on line 2007, referer: https://weibo.cn/sinaurl?toasturl=https%3A%2F%2Fwww.leadroyal.cn%2F%3Fp%3D1228%23more-1228&gsid=_2A25y-fNzDeRxGeBM61EY8CvFwz-IHXVvrwG7rDV6PUJbkdAKLWj4kWpNRQwvxHS64AyG-0iI-a7nT87sG5qV8TUa
[Wed Jan 13 11:49:09.840167 2021] [:error] [pid 3683] [client 59.36.119.251:28591] PHP Warning:  Error while sending QUERY packet. PID=3683 in /var/www/html/wp-includes/wp-db.php on line 2007
[Wed Jan 13 11:49:10.054696 2021] [:error] [pid 3697] [client 61.151.164.124:59452] PHP Warning:  Error while sending QUERY packet. PID=3697 in /var/www/html/wp-includes/wp-db.php on line 2007
[Wed Jan 13 11:49:10.055139 2021] [:error] [pid 3699] [client 101.89.34.219:64920] PHP Warning:  Error while sending QUERY packet. PID=3699 in /var/www/html/wp-includes/wp-db.php on line 2007
[Wed Jan 13 11:49:10.165364 2021] [:error] [pid 3681] [client 101.89.34.219:61670] PHP Warning:  Error while sending QUERY packet. PID=3681 in /var/www/html/wp-includes/wp-db.php on line 2007
[Wed Jan 13 11:49:10.169566 2021] [:error] [pid 3684] [client 101.89.34.219:63454] PHP Warning:  Error while sending QUERY packet. PID=3684 in /var/www/html/wp-includes/wp-db.php on line 2007
[Wed Jan 13 11:49:10.170020 2021] [:error] [pid 3619] [client 59.36.119.251:29019] PHP Warning:  Error while sending QUERY packet. PID=3619 in /var/www/html/wp-includes/wp-db.php on line 2007, referer: https://www.google.com.hk/
[Wed Jan 13 11:49:10.188064 2021] [:error] [pid 3700] [client 101.89.34.219:63011] PHP Warning:  Error while sending QUERY packet. PID=3700 in /var/www/html/wp-includes/wp-db.php on line 2007
[Wed Jan 13 11:49:10.193408 2021] [:error] [pid 3695] [client 101.89.34.219:64232] PHP Warning:  Error while sending QUERY packet. PID=3695 in /var/www/html/wp-includes/wp-db.php on line 2007
[Wed Jan 13 11:49:10.195790 2021] [:error] [pid 3694] [client 59.36.119.251:26852] PHP Warning:  Error while sending QUERY packet. PID=3694 in /var/www/html/wp-includes/wp-db.php on line 2007
[Wed Jan 13 11:49:10.200298 2021] [:error] [pid 3704] [client 101.89.34.219:63101] PHP Warning:  Error while sending QUERY packet. PID=3704 in /var/www/html/wp-includes/wp-db.php on line 2007
[Wed Jan 13 11:49:10.203345 2021] [:error] [pid 3696] [client 101.89.34.219:64945] PHP Warning:  Error while sending QUERY packet. PID=3696 in /var/www/html/wp-includes/wp-db.php on line 2007
[Wed Jan 13 11:49:10.218943 2021] [:error] [pid 3705] [client 101.89.34.219:62591] PHP Warning:  Error while sending QUERY packet. PID=3705 in /var/www/html/wp-includes/wp-db.php on line 2007
[Wed Jan 13 11:49:10.219363 2021] [:error] [pid 3693] [client 101.89.27.209:46007] PHP Warning:  Error while sending QUERY packet. PID=3693 in /var/www/html/wp-includes/wp-db.php on line 2007
[Wed Jan 13 11:49:10.220158 2021] [:error] [pid 3679] [client 59.36.119.251:26652] PHP Warning:  Error while sending QUERY packet. PID=3679 in /var/www/html/wp-includes/wp-db.php on line 2007
[Wed Jan 13 11:49:10.221082 2021] [:error] [pid 3677] [client 101.89.34.219:64011] PHP Warning:  Error while sending QUERY packet. PID=3677 in /var/www/html/wp-includes/wp-db.php on line 2007
[Wed Jan 13 11:49:10.285291 2021] [:error] [pid 3682] [client 101.89.34.219:63411] PHP Warning:  Error while sending QUERY packet. PID=3682 in /var/www/html/wp-includes/wp-db.php on line 2007
[Wed Jan 13 11:49:10.468098 2021] [:error] [pid 3671] [client 101.89.34.219:61364] PHP Warning:  Error while sending QUERY packet. PID=3671 in /var/www/html/wp-includes/wp-db.php on line 2007
[Wed Jan 13 11:49:10.468651 2021] [:error] [pid 3668] [client 59.36.119.251:30058] PHP Warning:  Error while sending QUERY packet. PID=3668 in /var/www/html/wp-includes/wp-db.php on line 2007
[Wed Jan 13 11:49:10.468980 2021] [:error] [pid 3702] [client 59.36.119.251:29379] PHP Warning:  Error while sending QUERY packet. PID=3702 in /var/www/html/wp-includes/wp-db.php on line 2007
[crit] Memory allocation failed, aborting process.
[crit] Memory allocation failed, aborting process.
[crit] Memory allocation failed, aborting process.
[crit] Memory allocation failed, aborting process.
[crit] Memory allocation failed, aborting process.
[crit] Memory allocation failed, aborting process.
[crit] Memory allocation failed, aborting process.
[crit] Memory allocation failed, aborting process.
[crit] Memory allocation failed, aborting process.
[Wed Jan 13 11:49:20.129575 2021] [mpm_prefork:error] [pid 1280] (12)Cannot allocate memory: AH00159: fork: Unable to fork new process
[crit] Memory allocation failed, aborting process.
[Wed Jan 13 11:49:32.588407 2021] [core:notice] [pid 1280] AH00051: child pid 3723 exit signal Aborted (6), possible coredump in /etc/apache2
[Wed Jan 13 11:49:32.981751 2021] [core:notice] [pid 1280] AH00051: child pid 3724 exit signal Aborted (6), possible coredump in /etc/apache2
[Wed Jan 13 11:49:32.981771 2021] [core:notice] [pid 1280] AH00051: child pid 3725 exit signal Aborted (6), possible coredump in /etc/apache2
[Wed Jan 13 11:49:32.981780 2021] [core:notice] [pid 1280] AH00051: child pid 3726 exit signal Aborted (6), possible coredump in /etc/apache2
[Wed Jan 13 11:49:32.981788 2021] [core:notice] [pid 1280] AH00051: child pid 3727 exit signal Aborted (6), possible coredump in /etc/apache2
[Wed Jan 13 11:49:32.981797 2021] [core:notice] [pid 1280] AH00051: child pid 3728 exit signal Aborted (6), possible coredump in /etc/apache2
[Wed Jan 13 11:49:32.981806 2021] [core:notice] [pid 1280] AH00051: child pid 3729 exit signal Aborted (6), possible coredump in /etc/apache2
[Wed Jan 13 11:49:32.981814 2021] [core:notice] [pid 1280] AH00051: child pid 3730 exit signal Aborted (6), possible coredump in /etc/apache2
[Wed Jan 13 11:49:32.981822 2021] [core:notice] [pid 1280] AH00051: child pid 3731 exit signal Aborted (6), possible coredump in /etc/apache2
[Wed Jan 13 11:49:32.981834 2021] [core:notice] [pid 1280] AH00051: child pid 3732 exit signal Aborted (6), possible coredump in /etc/apache2
[Wed Jan 13 11:49:32.981842 2021] [core:notice] [pid 1280] AH00051: child pid 3733 exit signal Aborted (6), possible coredump in /etc/apache2
[Wed Jan 13 11:49:32.981849 2021] [core:notice] [pid 1280] AH00051: child pid 3734 exit signal Aborted (6), possible coredump in /etc/apache2
[Wed Jan 13 11:49:32.981857 2021] [core:notice] [pid 1280] AH00051: child pid 3735 exit signal Aborted (6), possible coredump in /etc/apache2
[Wed Jan 13 11:49:32.981865 2021] [core:notice] [pid 1280] AH00051: child pid 3736 exit signal Aborted (6), possible coredump in /etc/apache2
[Wed Jan 13 11:49:32.981873 2021] [core:notice] [pid 1280] AH00051: child pid 3737 exit signal Aborted (6), possible coredump in /etc/apache2
[Wed Jan 13 11:49:32.981881 2021] [core:notice] [pid 1280] AH00051: child pid 3787 exit signal Aborted (6), possible coredump in /etc/apache2
[Wed Jan 13 11:49:32.981889 2021] [core:notice] [pid 1280] AH00051: child pid 3788 exit signal Aborted (6), possible coredump in /etc/apache2
[Wed Jan 13 11:49:32.981899 2021] [core:notice] [pid 1280] AH00051: child pid 3789 exit signal Aborted (6), possible coredump in /etc/apache2
