[Wed Jan 13 06:25:02.776860 2021] [mpm_prefork:notice] [pid 1254] AH00163: Apache/2.4.18 (Ubuntu) OpenSSL/1.0.2g configured -- resuming normal operations
[Wed Jan 13 06:25:02.776901 2021] [core:notice] [pid 1254] AH00094: Command line: '/usr/sbin/apache2'
[Wed Jan 13 08:25:28.483466 2021] [:error] [pid 22151] [client 101.89.34.243:49828] script '/var/www/html/php.php' not found or unable to stat
[Wed Jan 13 08:25:28.484027 2021] [:error] [pid 15513] [client 101.89.34.223:58310] script '/var/www/html/test.php' not found or unable to stat
[Wed Jan 13 08:25:28.486664 2021] [:error] [pid 15516] [client 101.89.34.243:49825] script '/var/www/html/www.php' not found or unable to stat
[Wed Jan 13 08:25:28.495451 2021] [:error] [pid 2121] [client 101.89.34.243:49830] script '/var/www/html/1.php' not found or unable to stat
[Wed Jan 13 08:25:28.497657 2021] [:error] [pid 16775] [client 101.89.34.223:58311] script '/var/www/html/phpinfo.php' not found or unable to stat
[Wed Jan 13 08:25:28.498996 2021] [:error] [pid 28379] [client 101.89.34.244:13662] script '/var/www/html/info.php' not found or unable to stat
[crit] Memory allocation failed, aborting process.
[crit] Memory allocation failed, aborting process.
[crit] Memory allocation failed, aborting process.
[crit] Memory allocation failed, aborting process.
[crit] Memory allocation failed, aborting process.
[crit] Memory allocation failed, aborting process.
[crit] Memory allocation failed, aborting process.
[crit] Memory allocation failed, aborting process.
[crit] Memory allocation failed, aborting process.
[crit] Memory allocation failed, aborting process.
[crit] Memory allocation failed, aborting process.
[crit] Memory allocation failed, aborting process.
[crit] Memory allocation failed, aborting process.
[crit] Memory allocation failed, aborting process.
[crit] Memory allocation failed, aborting process.
[crit] Memory allocation failed, aborting process.
[crit] Memory allocation failed, aborting process.
[Wed Jan 13 10:00:07.470153 2021] [:error] [pid 20760] [client 101.89.34.219:1989] PHP Warning:  mysqli_query(): MySQL server has gone away in /var/www/html/wp-includes/wp-db.php on line 2007, referer: https://www.leadroyal.cn/?m=202101
[Wed Jan 13 10:00:07.515407 2021] [:error] [pid 20760] [client 101.89.34.219:1989] PHP Warning:  mysqli_query(): Error reading result set's header in /var/www/html/wp-includes/wp-db.php on line 2007, referer: https://www.leadroyal.cn/?m=202101
[Wed Jan 13 10:00:07.470357 2021] [:error] [pid 20833] [client 123.151.144.18:48915] PHP Warning:  mysqli_query(): MySQL server has gone away in /var/www/html/wp-includes/wp-db.php on line 2007, referer: https://www.leadroyal.cn/?p=1228
[Wed Jan 13 10:00:07.515703 2021] [:error] [pid 20833] [client 123.151.144.18:48915] PHP Warning:  mysqli_query(): Error reading result set's header in /var/www/html/wp-includes/wp-db.php on line 2007, referer: https://www.leadroyal.cn/?p=1228
[Wed Jan 13 10:00:07.470398 2021] [:error] [pid 20320] [client 59.36.119.251:6775] PHP Warning:  mysqli_query(): MySQL server has gone away in /var/www/html/wp-includes/wp-db.php on line 2007
[Wed Jan 13 10:00:07.515896 2021] [:error] [pid 20320] [client 59.36.119.251:6775] PHP Warning:  mysqli_query(): Error reading result set's header in /var/www/html/wp-includes/wp-db.php on line 2007
[Wed Jan 13 10:00:07.470435 2021] [:error] [pid 20708] [client 101.89.34.219:2238] PHP Warning:  mysqli_query(): MySQL server has gone away in /var/www/html/wp-includes/wp-db.php on line 2007
[Wed Jan 13 10:00:07.516093 2021] [:error] [pid 20708] [client 101.89.34.219:2238] PHP Warning:  mysqli_query(): Error reading result set's header in /var/www/html/wp-includes/wp-db.php on line 2007
[Wed Jan 13 10:00:07.470468 2021] [:error] [pid 20911] [client 101.89.34.219:1321] PHP Warning:  mysqli_query(): MySQL server has gone away in /var/www/html/wp-includes/wp-db.php on line 2007
[Wed Jan 13 10:00:07.516273 2021] [:error] [pid 20911] [client 101.89.34.219:1321] PHP Warning:  mysqli_query(): Error reading result set's header in /var/www/html/wp-includes/wp-db.php on line 2007
[Wed Jan 13 10:00:07.470512 2021] [:error] [pid 20896] [client 101.89.34.219:1042] PHP Warning:  mysqli_query(): MySQL server has gone away in /var/www/html/wp-includes/wp-db.php on line 2007, referer: https://www.leadroyal.cn/?p=1228
[Wed Jan 13 10:00:07.549678 2021] [:error] [pid 20896] [client 101.89.34.219:1042] PHP Warning:  mysqli_query(): Error reading result set's header in /var/www/html/wp-includes/wp-db.php on line 2007, referer: https://www.leadroyal.cn/?p=1228
[Wed Jan 13 10:00:07.470547 2021] [:error] [pid 20837] [client 101.89.34.219:1597] PHP Warning:  mysqli_query(): MySQL server has gone away in /var/www/html/wp-includes/wp-db.php on line 2007
[Wed Jan 13 10:00:07.549880 2021] [:error] [pid 20837] [client 101.89.34.219:1597] PHP Warning:  mysqli_query(): Error reading result set's header in /var/www/html/wp-includes/wp-db.php on line 2007
[Wed Jan 13 10:00:07.470581 2021] [:error] [pid 20910] [client 101.89.34.219:1337] PHP Warning:  mysqli_query(): MySQL server has gone away in /var/www/html/wp-includes/wp-db.php on line 2007
[Wed Jan 13 10:00:07.550078 2021] [:error] [pid 20910] [client 101.89.34.219:1337] PHP Warning:  mysqli_query(): Error reading result set's header in /var/www/html/wp-includes/wp-db.php on line 2007
[Wed Jan 13 10:00:07.470623 2021] [:error] [pid 20300] [client 101.89.34.219:2291] PHP Warning:  mysqli_query(): MySQL server has gone away in /var/www/html/wp-includes/wp-db.php on line 2007
[Wed Jan 13 10:00:07.550260 2021] [:error] [pid 20300] [client 101.89.34.219:2291] PHP Warning:  mysqli_query(): Error reading result set's header in /var/www/html/wp-includes/wp-db.php on line 2007
[Wed Jan 13 10:00:07.470657 2021] [:error] [pid 20912] [client 101.89.34.219:1349] PHP Warning:  mysqli_query(): MySQL server has gone away in /var/www/html/wp-includes/wp-db.php on line 2007
[Wed Jan 13 10:00:07.550443 2021] [:error] [pid 20912] [client 101.89.34.219:1349] PHP Warning:  mysqli_query(): Error reading result set's header in /var/www/html/wp-includes/wp-db.php on line 2007
[Wed Jan 13 10:00:07.470698 2021] [:error] [pid 20909] [client 101.89.27.156:22234] PHP Warning:  mysqli_query(): MySQL server has gone away in /var/www/html/wp-includes/wp-db.php on line 2007, referer: https://www.leadroyal.cn/?p=1228
[Wed Jan 13 10:00:07.550625 2021] [:error] [pid 20909] [client 101.89.27.156:22234] PHP Warning:  mysqli_query(): Error reading result set's header in /var/www/html/wp-includes/wp-db.php on line 2007, referer: https://www.leadroyal.cn/?p=1228
[Wed Jan 13 10:00:07.470739 2021] [:error] [pid 20913] [client 101.89.34.219:1267] PHP Warning:  mysqli_query(): MySQL server has gone away in /var/www/html/wp-includes/wp-db.php on line 2007
[Wed Jan 13 10:00:07.550806 2021] [:error] [pid 20913] [client 101.89.34.219:1267] PHP Warning:  mysqli_query(): Error reading result set's header in /var/www/html/wp-includes/wp-db.php on line 2007
[Wed Jan 13 10:00:07.470782 2021] [:error] [pid 20838] [client 101.89.34.219:64302] PHP Warning:  mysqli_query(): MySQL server has gone away in /var/www/html/wp-includes/wp-db.php on line 2007, referer: https://www.leadroyal.cn/?p=1228
[Wed Jan 13 10:00:07.550995 2021] [:error] [pid 20838] [client 101.89.34.219:64302] PHP Warning:  mysqli_query(): Error reading result set's header in /var/www/html/wp-includes/wp-db.php on line 2007, referer: https://www.leadroyal.cn/?p=1228
[Wed Jan 13 10:00:07.470815 2021] [:error] [pid 20884] [client 101.89.34.219:2112] PHP Warning:  mysqli_query(): MySQL server has gone away in /var/www/html/wp-includes/wp-db.php on line 2007
[Wed Jan 13 10:00:07.551173 2021] [:error] [pid 20884] [client 101.89.34.219:2112] PHP Warning:  mysqli_query(): Error reading result set's header in /var/www/html/wp-includes/wp-db.php on line 2007
[Wed Jan 13 10:00:07.897555 2021] [:error] [pid 20890] [client 59.36.119.251:6370] PHP Warning:  Error while sending QUERY packet. PID=20890 in /var/www/html/wp-includes/wp-db.php on line 2007
[Wed Jan 13 10:00:07.898282 2021] [:error] [pid 20891] [client 101.89.34.219:1911] PHP Warning:  Error while sending QUERY packet. PID=20891 in /var/www/html/wp-includes/wp-db.php on line 2007
[Wed Jan 13 10:00:07.898458 2021] [:error] [pid 20880] [client 59.36.95.48:62709] PHP Warning:  Error while sending QUERY packet. PID=20880 in /var/www/html/wp-includes/wp-db.php on line 2007
[Wed Jan 13 10:00:07.898704 2021] [:error] [pid 20451] [client 101.89.34.219:1897] PHP Warning:  Error while sending QUERY packet. PID=20451 in /var/www/html/wp-includes/wp-db.php on line 2007
[crit] Memory allocation failed, aborting process.
[crit] Memory allocation failed, aborting process.
[crit] Memory allocation failed, aborting process.
[crit] Memory allocation failed, aborting process.
[Wed Jan 13 10:00:10.878222 2021] [mpm_prefork:error] [pid 1254] (12)Cannot allocate memory: AH00159: fork: Unable to fork new process
[crit] Memory allocation failed, aborting process.
[crit] Memory allocation failed, aborting process.
[crit] Memory allocation failed, aborting process.
[Wed Jan 13 10:09:02.387212 2021] [core:error] [pid 20909] [client 117.160.143.138:7412] AH00126: Invalid URI in request OPTIONS sip:nm SIP/2.0
[Wed Jan 13 10:09:50.336264 2021] [core:notice] [pid 1254] AH00051: child pid 20928 exit signal Segmentation fault (11), possible coredump in /etc/apache2
[Wed Jan 13 10:09:50.550719 2021] [core:notice] [pid 1254] AH00051: child pid 20929 exit signal Segmentation fault (11), possible coredump in /etc/apache2
[Wed Jan 13 10:09:50.550735 2021] [core:notice] [pid 1254] AH00051: child pid 20931 exit signal Segmentation fault (11), possible coredump in /etc/apache2
[Wed Jan 13 10:09:50.550740 2021] [core:notice] [pid 1254] AH00051: child pid 20932 exit signal Segmentation fault (11), possible coredump in /etc/apache2
[Wed Jan 13 10:09:50.550744 2021] [core:notice] [pid 1254] AH00051: child pid 20933 exit signal Segmentation fault (11), possible coredump in /etc/apache2
[Wed Jan 13 10:09:50.550749 2021] [core:notice] [pid 1254] AH00051: child pid 20934 exit signal Segmentation fault (11), possible coredump in /etc/apache2
[Wed Jan 13 10:09:50.550753 2021] [core:notice] [pid 1254] AH00051: child pid 20936 exit signal Segmentation fault (11), possible coredump in /etc/apache2
[Wed Jan 13 10:09:50.550758 2021] [core:notice] [pid 1254] AH00051: child pid 20937 exit signal Segmentation fault (11), possible coredump in /etc/apache2
[Wed Jan 13 10:09:50.550762 2021] [core:notice] [pid 1254] AH00051: child pid 20938 exit signal Segmentation fault (11), possible coredump in /etc/apache2
[Wed Jan 13 10:09:50.550766 2021] [core:notice] [pid 1254] AH00051: child pid 20939 exit signal Segmentation fault (11), possible coredump in /etc/apache2
[Wed Jan 13 10:09:50.550771 2021] [core:notice] [pid 1254] AH00051: child pid 20940 exit signal Segmentation fault (11), possible coredump in /etc/apache2
[Wed Jan 13 10:09:50.550775 2021] [core:notice] [pid 1254] AH00051: child pid 20941 exit signal Segmentation fault (11), possible coredump in /etc/apache2
[Wed Jan 13 10:09:50.550780 2021] [core:notice] [pid 1254] AH00051: child pid 20942 exit signal Segmentation fault (11), possible coredump in /etc/apache2
[Wed Jan 13 10:09:50.550784 2021] [core:notice] [pid 1254] AH00051: child pid 20943 exit signal Segmentation fault (11), possible coredump in /etc/apache2
[Wed Jan 13 10:09:50.550789 2021] [core:notice] [pid 1254] AH00051: child pid 20944 exit signal Aborted (6), possible coredump in /etc/apache2
[Wed Jan 13 10:09:50.550793 2021] [core:notice] [pid 1254] AH00051: child pid 20945 exit signal Aborted (6), possible coredump in /etc/apache2
[Wed Jan 13 10:09:50.550797 2021] [core:notice] [pid 1254] AH00051: child pid 20946 exit signal Aborted (6), possible coredump in /etc/apache2
[Wed Jan 13 10:09:50.550802 2021] [core:notice] [pid 1254] AH00051: child pid 20948 exit signal Aborted (6), possible coredump in /etc/apache2
[Wed Jan 13 10:09:50.550806 2021] [core:notice] [pid 1254] AH00051: child pid 20949 exit signal Aborted (6), possible coredump in /etc/apache2
[Wed Jan 13 10:09:50.550811 2021] [core:notice] [pid 1254] AH00051: child pid 20950 exit signal Aborted (6), possible coredump in /etc/apache2
[Wed Jan 13 10:09:50.550828 2021] [core:notice] [pid 1254] AH00051: child pid 20951 exit signal Aborted (6), possible coredump in /etc/apache2
[Wed Jan 13 10:09:50.550833 2021] [core:notice] [pid 1254] AH00051: child pid 20952 exit signal Aborted (6), possible coredump in /etc/apache2
[Wed Jan 13 10:09:50.550837 2021] [core:notice] [pid 1254] AH00051: child pid 20953 exit signal Aborted (6), possible coredump in /etc/apache2
[Wed Jan 13 10:09:50.550841 2021] [core:notice] [pid 1254] AH00051: child pid 20954 exit signal Aborted (6), possible coredump in /etc/apache2
[Wed Jan 13 10:09:50.550845 2021] [core:notice] [pid 1254] AH00051: child pid 20955 exit signal Aborted (6), possible coredump in /etc/apache2
[Wed Jan 13 10:09:50.550849 2021] [core:notice] [pid 1254] AH00051: child pid 20956 exit signal Aborted (6), possible coredump in /etc/apache2
[Wed Jan 13 10:09:50.550853 2021] [core:notice] [pid 1254] AH00051: child pid 20957 exit signal Aborted (6), possible coredump in /etc/apache2
[Wed Jan 13 10:09:50.550857 2021] [core:notice] [pid 1254] AH00051: child pid 20958 exit signal Aborted (6), possible coredump in /etc/apache2
[Wed Jan 13 10:09:50.550861 2021] [core:notice] [pid 1254] AH00051: child pid 20959 exit signal Aborted (6), possible coredump in /etc/apache2
[Wed Jan 13 10:09:50.550866 2021] [core:notice] [pid 1254] AH00051: child pid 20969 exit signal Aborted (6), possible coredump in /etc/apache2
[Wed Jan 13 10:09:50.550868 2021] [core:error] [pid 1254] AH00546: no record of generation 1 of exiting child 20969
[Wed Jan 13 10:09:50.550873 2021] [core:notice] [pid 1254] AH00051: child pid 21024 exit signal Aborted (6), possible coredump in /etc/apache2
[Wed Jan 13 10:09:50.550876 2021] [core:error] [pid 1254] AH00546: no record of generation 1 of exiting child 21024
[Wed Jan 13 10:09:50.550880 2021] [core:notice] [pid 1254] AH00051: child pid 21025 exit signal Aborted (6), possible coredump in /etc/apache2
[Wed Jan 13 10:09:50.550882 2021] [core:error] [pid 1254] AH00546: no record of generation 1 of exiting child 21025
[Wed Jan 13 10:09:50.550885 2021] [core:notice] [pid 1254] AH00051: child pid 21026 exit signal Aborted (6), possible coredump in /etc/apache2
[Wed Jan 13 10:09:50.550887 2021] [core:error] [pid 1254] AH00546: no record of generation 1 of exiting child 21026
[Wed Jan 13 10:09:50.550891 2021] [core:notice] [pid 1254] AH00051: child pid 21057 exit signal Aborted (6), possible coredump in /etc/apache2
[Wed Jan 13 10:09:50.550893 2021] [core:error] [pid 1254] AH00546: no record of generation 1 of exiting child 21057
[Wed Jan 13 10:09:50.550897 2021] [core:notice] [pid 1254] AH00051: child pid 21058 exit signal Aborted (6), possible coredump in /etc/apache2
[Wed Jan 13 10:09:50.550899 2021] [core:error] [pid 1254] AH00546: no record of generation 1 of exiting child 21058
[Wed Jan 13 10:09:50.550903 2021] [core:notice] [pid 1254] AH00051: child pid 21073 exit signal Aborted (6), possible coredump in /etc/apache2
[Wed Jan 13 10:09:50.550905 2021] [core:error] [pid 1254] AH00546: no record of generation 1 of exiting child 21073
[Wed Jan 13 10:09:51.553703 2021] [core:notice] [pid 1254] AH00051: child pid 21023 exit signal Aborted (6), possible coredump in /etc/apache2
[Wed Jan 13 10:09:51.553780 2021] [core:error] [pid 1254] AH00546: no record of generation 1 of exiting child 21023
[Wed Jan 13 10:10:08.603676 2021] [core:notice] [pid 1254] AH00051: child pid 20947 exit signal Aborted (6), possible coredump in /etc/apache2
[crit] Memory allocation failed, aborting process.
[Wed Jan 13 10:10:18.715127 2021] [mpm_prefork:error] [pid 1254] (12)Cannot allocate memory: AH00159: fork: Unable to fork new process
[Wed Jan 13 10:10:19.155220 2021] [:error] [pid 21884] [client 59.36.119.251:7212] PHP Warning:  mysqli_query(): MySQL server has gone away in /var/www/html/wp-includes/wp-db.php on line 2007
[Wed Jan 13 10:10:19.155278 2021] [:error] [pid 21884] [client 59.36.119.251:7212] PHP Warning:  mysqli_query(): Error reading result set's header in /var/www/html/wp-includes/wp-db.php on line 2007
[Wed Jan 13 10:10:19.155414 2021] [:error] [pid 21913] [client 101.89.34.219:58613] PHP Warning:  mysqli_select_db(): MySQL server has gone away in /var/www/html/wp-includes/wp-db.php on line 1093
[Wed Jan 13 10:10:19.171550 2021] [:error] [pid 21913] [client 101.89.34.219:58613] PHP Warning:  mysqli_select_db(): Error while reading INIT_DB's OK packet. PID=21913 in /var/www/html/wp-includes/wp-db.php on line 1093
[Wed Jan 13 10:10:19.155531 2021] [:error] [pid 20995] [client 101.89.34.219:57557] PHP Warning:  mysqli_query(): MySQL server has gone away in /var/www/html/wp-includes/wp-db.php on line 2007
[Wed Jan 13 10:10:19.171587 2021] [:error] [pid 20995] [client 101.89.34.219:57557] PHP Warning:  mysqli_query(): Error reading result set's header in /var/www/html/wp-includes/wp-db.php on line 2007
[Wed Jan 13 10:10:19.155596 2021] [:error] [pid 21883] [client 123.151.144.18:52181] PHP Warning:  mysqli_query(): MySQL server has gone away in /var/www/html/wp-includes/wp-db.php on line 2007
[Wed Jan 13 10:10:19.171614 2021] [:error] [pid 21883] [client 123.151.144.18:52181] PHP Warning:  mysqli_query(): Error reading result set's header in /var/www/html/wp-includes/wp-db.php on line 2007
[Wed Jan 13 10:10:19.155668 2021] [:error] [pid 21663] [client 59.36.119.251:7516] PHP Warning:  mysqli_query(): MySQL server has gone away in /var/www/html/wp-includes/wp-db.php on line 2007
[Wed Jan 13 10:10:19.171639 2021] [:error] [pid 21663] [client 59.36.119.251:7516] PHP Warning:  mysqli_query(): Error reading result set's header in /var/www/html/wp-includes/wp-db.php on line 2007
[Wed Jan 13 10:10:19.155723 2021] [:error] [pid 21877] [client 117.160.143.138:8153] PHP Warning:  Empty row packet body in /var/www/html/wp-includes/wp-db.php on line 2007
[Wed Jan 13 10:10:19.155783 2021] [:error] [pid 21911] [client 101.89.34.219:58478] PHP Warning:  mysqli_select_db(): MySQL server has gone away in /var/www/html/wp-includes/wp-db.php on line 1093
[Wed Jan 13 10:10:19.171694 2021] [:error] [pid 21911] [client 101.89.34.219:58478] PHP Warning:  mysqli_select_db(): Error while reading INIT_DB's OK packet. PID=21911 in /var/www/html/wp-includes/wp-db.php on line 1093
[Wed Jan 13 10:10:19.157444 2021] [:error] [pid 20925] [client 59.36.119.251:7800] PHP Warning:  mysqli_query(): MySQL server has gone away in /var/www/html/wp-includes/wp-db.php on line 2007
[Wed Jan 13 10:10:19.171720 2021] [:error] [pid 20925] [client 59.36.119.251:7800] PHP Warning:  mysqli_query(): Error reading result set's header in /var/www/html/wp-includes/wp-db.php on line 2007
[Wed Jan 13 10:10:19.241699 2021] [:error] [pid 21877] [client 117.160.143.138:8153] PHP Warning:  mysqli_query(): (00000/0):  in /var/www/html/wp-includes/wp-db.php on line 2007
[Wed Jan 13 10:10:19.254326 2021] [:error] [pid 21877] [client 117.160.143.138:8153] PHP Warning:  Error while sending QUERY packet. PID=21877 in /var/www/html/wp-includes/wp-db.php on line 2007
[Wed Jan 13 10:10:19.409420 2021] [core:error] [pid 21959] [client 117.160.143.138:8185] AH00126: Invalid URI in request t3 12.1.2
[Wed Jan 13 10:10:19.669694 2021] [:error] [pid 20991] [client 61.151.164.190:17325] PHP Warning:  Error while sending QUERY packet. PID=20991 in /var/www/html/wp-includes/wp-db.php on line 2007
[Wed Jan 13 10:10:19.785975 2021] [:error] [pid 21694] [client 101.89.34.219:58465] PHP Warning:  Error while sending QUERY packet. PID=21694 in /var/www/html/wp-includes/wp-db.php on line 2007
[Wed Jan 13 10:10:19.816294 2021] [:error] [pid 20907] [client 117.160.143.138:8146] PHP Warning:  Error while sending QUERY packet. PID=20907 in /var/www/html/wp-includes/wp-db.php on line 2007
[Wed Jan 13 10:10:19.864138 2021] [:error] [pid 21692] [client 101.89.27.156:55242] PHP Warning:  Error while sending QUERY packet. PID=21692 in /var/www/html/wp-includes/wp-db.php on line 2007, referer: https://www.leadroyal.cn/?p=1228
[Wed Jan 13 10:10:20.404500 2021] [:error] [pid 21897] [client 61.151.164.124:6994] PHP Warning:  Error while sending QUERY packet. PID=21897 in /var/www/html/wp-includes/wp-db.php on line 2007, referer: https://www.leadroyal.cn/
[Wed Jan 13 10:10:20.452507 2021] [:error] [pid 21697] [client 101.89.34.219:58117] PHP Warning:  Error while sending QUERY packet. PID=21697 in /var/www/html/wp-includes/wp-db.php on line 2007
[Wed Jan 13 10:10:20.471913 2021] [:error] [pid 20913] [client 101.89.34.219:57941] PHP Warning:  Error while sending QUERY packet. PID=20913 in /var/www/html/wp-includes/wp-db.php on line 2007
[Wed Jan 13 10:10:20.495702 2021] [:error] [pid 21899] [client 101.89.34.219:57761] PHP Warning:  Error while sending QUERY packet. PID=21899 in /var/www/html/wp-includes/wp-db.php on line 2007
[Wed Jan 13 10:10:20.502379 2021] [:error] [pid 20996] [client 101.89.34.219:57954] PHP Warning:  Error while sending QUERY packet. PID=20996 in /var/www/html/wp-includes/wp-db.php on line 2007
[Wed Jan 13 10:10:20.596068 2021] [:error] [pid 21896] [client 101.89.34.219:57694] PHP Warning:  Error while sending QUERY packet. PID=21896 in /var/www/html/wp-includes/wp-db.php on line 2007
[Wed Jan 13 10:10:20.665608 2021] [:error] [pid 20890] [client 101.89.34.219:58138] PHP Warning:  Error while sending QUERY packet. PID=20890 in /var/www/html/wp-includes/wp-db.php on line 2007
[Wed Jan 13 10:10:20.666981 2021] [:error] [pid 20895] [client 101.89.34.219:58156] PHP Warning:  Error while sending QUERY packet. PID=20895 in /var/www/html/wp-includes/wp-db.php on line 2007, referer: https://www.baidu.com/link?url=ZlAhlMZlrSaugPyovW7ViuDB_y4hTcqs69nx_1TCtJYEdEOp5XELyzD7yLfwFpLL&wd=&eqid=b6ab72a4001e753f000000055ffe561d
[Wed Jan 13 10:10:20.944380 2021] [:error] [pid 21695] [client 123.151.144.18:55473] PHP Warning:  Error while sending QUERY packet. PID=21695 in /var/www/html/wp-includes/wp-db.php on line 2007
[Wed Jan 13 10:10:20.944884 2021] [:error] [pid 21898] [client 101.89.34.219:57701] PHP Warning:  Error while sending QUERY packet. PID=21898 in /var/www/html/wp-includes/wp-db.php on line 2007
[Wed Jan 13 10:10:29.038170 2021] [core:notice] [pid 1254] AH00051: child pid 21941 exit signal Aborted (6), possible coredump in /etc/apache2
[crit] Memory allocation failed, aborting process.
[crit] Memory allocation failed, aborting process.
[crit] Memory allocation failed, aborting process.
[crit] Memory allocation failed, aborting process.
[crit] Memory allocation failed, aborting process.
[crit] Memory allocation failed, aborting process.
[crit] Memory allocation failed, aborting process.
[crit] Memory allocation failed, aborting process.
[crit] Memory allocation failed, aborting process.
[crit] Memory allocation failed, aborting process.
[crit] Memory allocation failed, aborting process.
[crit] Memory allocation failed, aborting process.
[crit] Memory allocation failed, aborting process.
[crit] Memory allocation failed, aborting process.
[crit] Memory allocation failed, aborting process.
[crit] Memory allocation failed, aborting process.
[crit] Memory allocation failed, aborting process.
[crit] Memory allocation failed, aborting process.
[crit] Memory allocation failed, aborting process.
[crit] Memory allocation failed, aborting process.
[Wed Jan 13 10:11:09.624124 2021] [:error] [pid 21935] [client 101.89.34.219:18552] PHP Warning:  mysqli_query(): MySQL server has gone away in /var/www/html/wp-includes/wp-db.php on line 2007
[Wed Jan 13 10:11:09.783319 2021] [:error] [pid 21935] [client 101.89.34.219:18552] PHP Warning:  mysqli_query(): Error reading result set's header in /var/www/html/wp-includes/wp-db.php on line 2007
[Wed Jan 13 10:11:09.624085 2021] [:error] [pid 21899] [client 101.89.34.219:18432] PHP Warning:  mysqli_query(): MySQL server has gone away in /var/www/html/wp-includes/wp-db.php on line 2007
[Wed Jan 13 10:11:09.783705 2021] [:error] [pid 21899] [client 101.89.34.219:18432] PHP Warning:  mysqli_query(): Error reading result set's header in /var/www/html/wp-includes/wp-db.php on line 2007
[Wed Jan 13 10:11:09.624031 2021] [:error] [pid 22012] [client 61.151.164.63:22235] PHP Warning:  mysqli_query(): MySQL server has gone away in /var/www/html/wp-includes/wp-db.php on line 2007, referer: https://www.google.com/
[Wed Jan 13 10:11:09.850518 2021] [:error] [pid 22012] [client 61.151.164.63:22235] PHP Warning:  mysqli_query(): Error reading result set's header in /var/www/html/wp-includes/wp-db.php on line 2007, referer: https://www.google.com/
[Wed Jan 13 10:11:09.623974 2021] [:error] [pid 20995] [client 101.89.34.244:29543] PHP Warning:  mysqli_query(): MySQL server has gone away in /var/www/html/wp-includes/wp-db.php on line 2007
[Wed Jan 13 10:11:09.850792 2021] [:error] [pid 20995] [client 101.89.34.244:29543] PHP Warning:  mysqli_query(): Error reading result set's header in /var/www/html/wp-includes/wp-db.php on line 2007
[Wed Jan 13 10:11:09.623822 2021] [:error] [pid 20925] [client 59.36.119.251:34774] PHP Warning:  mysqli_query(): MySQL server has gone away in /var/www/html/wp-includes/wp-db.php on line 2007
[Wed Jan 13 10:11:09.850973 2021] [:error] [pid 20925] [client 59.36.119.251:34774] PHP Warning:  mysqli_query(): Error reading result set's header in /var/www/html/wp-includes/wp-db.php on line 2007
[Wed Jan 13 10:11:09.623771 2021] [:error] [pid 21955] [client 123.151.144.18:36503] PHP Warning:  mysqli_query(): MySQL server has gone away in /var/www/html/wp-includes/wp-db.php on line 2007, referer: https://mobile.twitter.com/home
[Wed Jan 13 10:11:09.851133 2021] [:error] [pid 21955] [client 123.151.144.18:36503] PHP Warning:  mysqli_query(): Error reading result set's header in /var/www/html/wp-includes/wp-db.php on line 2007, referer: https://mobile.twitter.com/home
[Wed Jan 13 10:11:09.623725 2021] [:error] [pid 21967] [client 101.89.34.219:18544] PHP Warning:  mysqli_query(): MySQL server has gone away in /var/www/html/wp-includes/wp-db.php on line 2007
[Wed Jan 13 10:11:09.851300 2021] [:error] [pid 21967] [client 101.89.34.219:18544] PHP Warning:  mysqli_query(): Error reading result set's header in /var/www/html/wp-includes/wp-db.php on line 2007
[Wed Jan 13 10:11:09.623676 2021] [:error] [pid 21961] [client 59.36.119.251:34396] PHP Warning:  mysqli_query(): MySQL server has gone away in /var/www/html/wp-includes/wp-db.php on line 2007
[Wed Jan 13 10:11:09.851454 2021] [:error] [pid 21961] [client 59.36.119.251:34396] PHP Warning:  mysqli_query(): Error reading result set's header in /var/www/html/wp-includes/wp-db.php on line 2007
[Wed Jan 13 10:11:09.623623 2021] [:error] [pid 21933] [client 59.36.119.251:34530] PHP Warning:  mysqli_query(): MySQL server has gone away in /var/www/html/wp-includes/wp-db.php on line 2007
[Wed Jan 13 10:11:09.851603 2021] [:error] [pid 21933] [client 59.36.119.251:34530] PHP Warning:  mysqli_query(): Error reading result set's header in /var/www/html/wp-includes/wp-db.php on line 2007
[Wed Jan 13 10:11:09.623565 2021] [:error] [pid 21898] [client 101.89.34.219:18425] PHP Warning:  mysqli_query(): MySQL server has gone away in /var/www/html/wp-includes/wp-db.php on line 2007
[Wed Jan 13 10:11:09.851746 2021] [:error] [pid 21898] [client 101.89.34.219:18425] PHP Warning:  mysqli_query(): Error reading result set's header in /var/www/html/wp-includes/wp-db.php on line 2007
[Wed Jan 13 10:11:09.623451 2021] [:error] [pid 21916] [client 59.36.119.251:34407] PHP Warning:  mysqli_query(): MySQL server has gone away in /var/www/html/wp-includes/wp-db.php on line 2007
[Wed Jan 13 10:11:09.851917 2021] [:error] [pid 21916] [client 59.36.119.251:34407] PHP Warning:  mysqli_query(): Error reading result set's header in /var/www/html/wp-includes/wp-db.php on line 2007
[Wed Jan 13 10:11:09.657655 2021] [:error] [pid 21964] [client 101.89.34.219:18770] PHP Warning:  Error while sending QUERY packet. PID=21964 in /var/www/html/wp-includes/wp-db.php on line 2007
[Wed Jan 13 10:11:09.657819 2021] [:error] [pid 21966] [client 101.89.34.219:18747] PHP Warning:  Error while sending QUERY packet. PID=21966 in /var/www/html/wp-includes/wp-db.php on line 2007
[Wed Jan 13 10:11:10.486386 2021] [:error] [pid 21938] [client 59.36.119.251:34935] PHP Warning:  Error while sending QUERY packet. PID=21938 in /var/www/html/wp-includes/wp-db.php on line 2007
[Wed Jan 13 10:11:39.057050 2021] [core:notice] [pid 1254] AH00051: child pid 22193 exit signal Aborted (6), possible coredump in /etc/apache2
[Wed Jan 13 10:11:39.061727 2021] [core:notice] [pid 1254] AH00051: child pid 22194 exit signal Aborted (6), possible coredump in /etc/apache2
[Wed Jan 13 10:11:39.061748 2021] [core:notice] [pid 1254] AH00051: child pid 22195 exit signal Aborted (6), possible coredump in /etc/apache2
[Wed Jan 13 10:11:39.061760 2021] [core:notice] [pid 1254] AH00051: child pid 22196 exit signal Aborted (6), possible coredump in /etc/apache2
[Wed Jan 13 10:11:39.061783 2021] [core:notice] [pid 1254] AH00051: child pid 22207 exit signal Aborted (6), possible coredump in /etc/apache2
[Wed Jan 13 10:11:39.061796 2021] [core:notice] [pid 1254] AH00051: child pid 22208 exit signal Aborted (6), possible coredump in /etc/apache2
[Wed Jan 13 10:11:39.061809 2021] [core:notice] [pid 1254] AH00051: child pid 22209 exit signal Aborted (6), possible coredump in /etc/apache2
[Wed Jan 13 10:11:39.061821 2021] [core:notice] [pid 1254] AH00051: child pid 22210 exit signal Aborted (6), possible coredump in /etc/apache2
[Wed Jan 13 10:11:39.061833 2021] [core:notice] [pid 1254] AH00051: child pid 22211 exit signal Aborted (6), possible coredump in /etc/apache2
[Wed Jan 13 10:11:39.061845 2021] [core:notice] [pid 1254] AH00051: child pid 22212 exit signal Aborted (6), possible coredump in /etc/apache2
[Wed Jan 13 10:11:39.061858 2021] [core:notice] [pid 1254] AH00051: child pid 22213 exit signal Aborted (6), possible coredump in /etc/apache2
[Wed Jan 13 10:11:39.061870 2021] [core:notice] [pid 1254] AH00051: child pid 22214 exit signal Aborted (6), possible coredump in /etc/apache2
[Wed Jan 13 10:11:39.061883 2021] [core:notice] [pid 1254] AH00051: child pid 22215 exit signal Aborted (6), possible coredump in /etc/apache2
[Wed Jan 13 10:11:39.061895 2021] [core:notice] [pid 1254] AH00051: child pid 22216 exit signal Aborted (6), possible coredump in /etc/apache2
[Wed Jan 13 10:11:39.061907 2021] [core:notice] [pid 1254] AH00051: child pid 22217 exit signal Aborted (6), possible coredump in /etc/apache2
[Wed Jan 13 10:11:39.061919 2021] [core:notice] [pid 1254] AH00051: child pid 22218 exit signal Aborted (6), possible coredump in /etc/apache2
[Wed Jan 13 10:11:39.061932 2021] [core:notice] [pid 1254] AH00051: child pid 22219 exit signal Aborted (6), possible coredump in /etc/apache2
[Wed Jan 13 10:11:39.061944 2021] [core:notice] [pid 1254] AH00051: child pid 22220 exit signal Aborted (6), possible coredump in /etc/apache2
[Wed Jan 13 10:11:39.061948 2021] [core:error] [pid 1254] AH00546: no record of generation 1 of exiting child 22220
[Wed Jan 13 10:11:39.061959 2021] [core:notice] [pid 1254] AH00051: child pid 22221 exit signal Aborted (6), possible coredump in /etc/apache2
[Wed Jan 13 10:11:39.061972 2021] [core:notice] [pid 1254] AH00051: child pid 22222 exit signal Aborted (6), possible coredump in /etc/apache2
[Wed Jan 13 10:11:39.061975 2021] [core:error] [pid 1254] AH00546: no record of generation 0 of exiting child 22222
[Wed Jan 13 10:11:39.301209 2021] [:error] [pid 22013] [client 101.89.34.219:18262] PHP Warning:  Error while sending QUERY packet. PID=22013 in /var/www/html/wp-includes/wp-db.php on line 2007
[Wed Jan 13 10:11:39.465431 2021] [:error] [pid 21944] [client 101.89.34.55:56682] PHP Warning:  Error while sending QUERY packet. PID=21944 in /var/www/html/wp-includes/wp-db.php on line 2007
[Wed Jan 13 10:11:50.737506 2021] [:error] [pid 21693] [client 101.89.34.219:46124] PHP Fatal error:  Out of memory (allocated 4194304) (tried to allocate 65536 bytes) in /var/www/html/wp-content/plugins/wp-mail-smtp/vendor/woocommerce/action-scheduler/classes/abstracts/ActionScheduler.php on line 122
[crit] Memory allocation failed, aborting process.
[crit] Memory allocation failed, aborting process.
[crit] Memory allocation failed, aborting process.
[crit] Memory allocation failed, aborting process.
[crit] Memory allocation failed, aborting process.
[crit] Memory allocation failed, aborting process.
[crit] Memory allocation failed, aborting process.
[Wed Jan 13 10:11:59.039190 2021] [:error] [pid 22013] [client 101.89.34.219:18262] PHP Warning:  Error while sending QUERY packet. PID=22013 in /var/www/html/wp-includes/wp-db.php on line 2007
[Wed Jan 13 10:11:59.039174 2021] [:error] [pid 21964] [client 59.36.119.251:63756] PHP Warning:  Error while sending QUERY packet. PID=21964 in /var/www/html/wp-includes/wp-db.php on line 2007
[Wed Jan 13 10:11:59.039154 2021] [:error] [pid 20925] [client 101.89.34.219:45615] PHP Warning:  Error while sending QUERY packet. PID=20925 in /var/www/html/wp-includes/wp-db.php on line 2007
[Wed Jan 13 10:11:59.039064 2021] [:error] [pid 21926] [client 123.151.144.18:25755] PHP Warning:  Error while sending QUERY packet. PID=21926 in /var/www/html/wp-includes/wp-db.php on line 2007
[Wed Jan 13 10:11:59.038758 2021] [:error] [pid 20995] [client 123.151.144.18:27141] PHP Warning:  mysqli_query(): MySQL server has gone away in /var/www/html/wp-includes/wp-db.php on line 2007
[Wed Jan 13 10:11:59.236316 2021] [:error] [pid 20995] [client 123.151.144.18:27141] PHP Warning:  mysqli_query(): Error reading result set's header in /var/www/html/wp-includes/wp-db.php on line 2007
[Wed Jan 13 10:11:59.038889 2021] [:error] [pid 22202] [client 101.89.34.219:45419] PHP Warning:  mysqli_query(): MySQL server has gone away in /var/www/html/wp-includes/wp-db.php on line 2007
[Wed Jan 13 10:11:59.236523 2021] [:error] [pid 22202] [client 101.89.34.219:45419] PHP Warning:  mysqli_query(): Error reading result set's header in /var/www/html/wp-includes/wp-db.php on line 2007
[Wed Jan 13 10:11:59.038816 2021] [:error] [pid 21945] [client 101.89.34.219:46259] PHP Warning:  mysqli_query(): MySQL server has gone away in /var/www/html/wp-includes/wp-db.php on line 2007
[Wed Jan 13 10:11:59.236658 2021] [:error] [pid 21945] [client 101.89.34.219:46259] PHP Warning:  mysqli_query(): Error reading result set's header in /var/www/html/wp-includes/wp-db.php on line 2007
[Wed Jan 13 10:11:59.038975 2021] [:error] [pid 21938] [client 101.89.34.219:45320] PHP Warning:  mysqli_query(): MySQL server has gone away in /var/www/html/wp-includes/wp-db.php on line 2007
[Wed Jan 13 10:11:59.236791 2021] [:error] [pid 21938] [client 101.89.34.219:45320] PHP Warning:  mysqli_query(): Error reading result set's header in /var/www/html/wp-includes/wp-db.php on line 2007
[Wed Jan 13 10:11:59.038842 2021] [:error] [pid 20988] [client 101.89.34.219:45324] PHP Warning:  mysqli_query(): MySQL server has gone away in /var/www/html/wp-includes/wp-db.php on line 2007
[Wed Jan 13 10:11:59.236912 2021] [:error] [pid 20988] [client 101.89.34.219:45324] PHP Warning:  mysqli_query(): Error reading result set's header in /var/www/html/wp-includes/wp-db.php on line 2007
[Wed Jan 13 10:11:59.038999 2021] [:error] [pid 21935] [client 59.36.119.251:63366] PHP Warning:  mysqli_query(): MySQL server has gone away in /var/www/html/wp-includes/wp-db.php on line 2007
[Wed Jan 13 10:11:59.237029 2021] [:error] [pid 21935] [client 59.36.119.251:63366] PHP Warning:  mysqli_query(): Error reading result set's header in /var/www/html/wp-includes/wp-db.php on line 2007
[Wed Jan 13 10:11:59.038926 2021] [:error] [pid 20890] [client 101.89.34.219:45517] PHP Warning:  mysqli_query(): MySQL server has gone away in /var/www/html/wp-includes/wp-db.php on line 2007
[Wed Jan 13 10:11:59.237129 2021] [:error] [pid 20890] [client 101.89.34.219:45517] PHP Warning:  mysqli_query(): Error reading result set's header in /var/www/html/wp-includes/wp-db.php on line 2007
[Wed Jan 13 10:11:59.038866 2021] [:error] [pid 21966] [client 101.89.34.219:45388] PHP Warning:  mysqli_query(): MySQL server has gone away in /var/www/html/wp-includes/wp-db.php on line 2007
[Wed Jan 13 10:11:59.237225 2021] [:error] [pid 21966] [client 101.89.34.219:45388] PHP Warning:  mysqli_query(): Error reading result set's header in /var/www/html/wp-includes/wp-db.php on line 2007
[Wed Jan 13 10:11:59.038948 2021] [:error] [pid 21933] [client 116.128.128.92:46672] PHP Warning:  mysqli_query(): MySQL server has gone away in /var/www/html/wp-includes/wp-db.php on line 2007
[Wed Jan 13 10:11:59.280671 2021] [:error] [pid 21933] [client 116.128.128.92:46672] PHP Warning:  mysqli_query(): Error reading result set's header in /var/www/html/wp-includes/wp-db.php on line 2007
[Wed Jan 13 10:11:59.039021 2021] [:error] [pid 21911] [client 101.89.34.219:45462] PHP Warning:  mysqli_query(): MySQL server has gone away in /var/www/html/wp-includes/wp-db.php on line 2007
[Wed Jan 13 10:11:59.281057 2021] [:error] [pid 21911] [client 101.89.34.219:45462] PHP Warning:  mysqli_query(): Error reading result set's header in /var/www/html/wp-includes/wp-db.php on line 2007
[Wed Jan 13 10:11:59.039040 2021] [:error] [pid 21944] [client 101.89.34.55:56682] PHP Warning:  mysqli_query(): MySQL server has gone away in /var/www/html/wp-includes/wp-db.php on line 2007
[Wed Jan 13 10:11:59.281332 2021] [:error] [pid 21944] [client 101.89.34.55:56682] PHP Warning:  mysqli_query(): Error reading result set's header in /var/www/html/wp-includes/wp-db.php on line 2007
[Wed Jan 13 10:11:59.112669 2021] [:error] [pid 20991] [client 101.89.34.219:45812] PHP Warning:  Error while sending QUERY packet. PID=20991 in /var/www/html/wp-includes/wp-db.php on line 2007
[Wed Jan 13 10:11:59.111480 2021] [:error] [pid 21967] [client 59.36.119.251:64062] PHP Warning:  Error while sending QUERY packet. PID=21967 in /var/www/html/wp-includes/wp-db.php on line 2007
[Wed Jan 13 10:11:59.115604 2021] [:error] [pid 21877] [client 101.89.34.219:46019] PHP Warning:  Error while sending QUERY packet. PID=21877 in /var/www/html/wp-includes/wp-db.php on line 2007
[Wed Jan 13 10:11:59.110258 2021] [:error] [pid 22012] [client 59.36.119.251:64109] PHP Warning:  Error while sending QUERY packet. PID=22012 in /var/www/html/wp-includes/wp-db.php on line 2007
[Wed Jan 13 10:11:59.115221 2021] [:error] [pid 21916] [client 101.89.34.219:45893] PHP Warning:  Error while sending QUERY packet. PID=21916 in /var/www/html/wp-includes/wp-db.php on line 2007
[Wed Jan 13 10:11:59.107664 2021] [:error] [pid 20907] [client 101.89.34.219:45936] PHP Warning:  Error while sending QUERY packet. PID=20907 in /var/www/html/wp-includes/wp-db.php on line 2007
[Wed Jan 13 10:11:59.114397 2021] [:error] [pid 21914] [client 123.151.144.18:26456] PHP Warning:  Error while sending QUERY packet. PID=21914 in /var/www/html/wp-includes/wp-db.php on line 2007
[Wed Jan 13 10:11:59.423968 2021] [:error] [pid 22204] [client 101.89.34.219:45805] PHP Warning:  Error while sending QUERY packet. PID=22204 in /var/www/html/wp-includes/wp-db.php on line 2007
[Wed Jan 13 10:11:59.424493 2021] [:error] [pid 22205] [client 61.151.164.63:65249] PHP Warning:  Error while sending QUERY packet. PID=22205 in /var/www/html/wp-includes/wp-db.php on line 2007, referer: https://www.google.com/
[Wed Jan 13 10:11:59.438546 2021] [:error] [pid 21961] [client 59.36.119.251:64418] PHP Warning:  Error while sending QUERY packet. PID=21961 in /var/www/html/wp-includes/wp-db.php on line 2007
[Wed Jan 13 10:11:59.457915 2021] [:error] [pid 21951] [client 58.251.121.93:46130] PHP Warning:  Error while sending QUERY packet. PID=21951 in /var/www/html/wp-includes/wp-db.php on line 2007
[Wed Jan 13 10:11:59.554581 2021] [:error] [pid 22190] [client 101.89.34.219:46275] PHP Warning:  Error while sending QUERY packet. PID=22190 in /var/www/html/wp-includes/wp-db.php on line 2007
[Wed Jan 13 10:11:59.968590 2021] [:error] [pid 21948] [client 101.89.34.219:45700] PHP Warning:  Error while sending QUERY packet. PID=21948 in /var/www/html/wp-includes/wp-db.php on line 2007
[Wed Jan 13 10:12:02.454334 2021] [core:notice] [pid 1254] AH00051: child pid 22409 exit signal Aborted (6), possible coredump in /etc/apache2
[Wed Jan 13 10:12:02.455869 2021] [core:notice] [pid 1254] AH00051: child pid 22410 exit signal Aborted (6), possible coredump in /etc/apache2
[Wed Jan 13 10:12:02.455888 2021] [core:notice] [pid 1254] AH00051: child pid 22411 exit signal Aborted (6), possible coredump in /etc/apache2
[Wed Jan 13 10:12:02.455897 2021] [core:notice] [pid 1254] AH00051: child pid 22412 exit signal Aborted (6), possible coredump in /etc/apache2
[Wed Jan 13 10:12:02.455921 2021] [core:notice] [pid 1254] AH00051: child pid 22413 exit signal Aborted (6), possible coredump in /etc/apache2
[Wed Jan 13 10:12:02.455930 2021] [core:notice] [pid 1254] AH00051: child pid 22415 exit signal Aborted (6), possible coredump in /etc/apache2
[Wed Jan 13 10:12:02.455938 2021] [core:notice] [pid 1254] AH00051: child pid 22416 exit signal Aborted (6), possible coredump in /etc/apache2

mmap() failed: [12] Cannot allocate memory

mmap() failed: [12] Cannot allocate memory
[crit] Memory allocation failed, aborting process.
[crit] Memory allocation failed, aborting process.
[crit] Memory allocation failed, aborting process.
[crit] Memory allocation failed, aborting process.
[crit] Memory allocation failed, aborting process.
[crit] Memory allocation failed, aborting process.
[crit] Memory allocation failed, aborting process.
[crit] Memory allocation failed, aborting process.
[crit] Memory allocation failed, aborting process.
[crit] Memory allocation failed, aborting process.
[crit] Memory allocation failed, aborting process.
[crit] Memory allocation failed, aborting process.
[crit] Memory allocation failed, aborting process.
[crit] Memory allocation failed, aborting process.
[crit] Memory allocation failed, aborting process.
[crit] Memory allocation failed, aborting process.
[crit] Memory allocation failed, aborting process.
[crit] Memory allocation failed, aborting process.
[crit] Memory allocation failed, aborting process.
[Wed Jan 13 10:12:47.042249 2021] [:error] [pid 22697] [client 123.151.144.18:53731] PHP Warning:  mysqli_query(): MySQL server has gone away in /var/www/html/wp-includes/wp-db.php on line 2007
[Wed Jan 13 10:12:47.042352 2021] [:error] [pid 21966] [client 101.89.34.219:19264] PHP Warning:  mysqli_query(): MySQL server has gone away in /var/www/html/wp-includes/wp-db.php on line 2007
[Wed Jan 13 10:12:47.071448 2021] [:error] [pid 21966] [client 101.89.34.219:19264] PHP Warning:  mysqli_query(): Error reading result set's header in /var/www/html/wp-includes/wp-db.php on line 2007
[Wed Jan 13 10:12:47.042405 2021] [:error] [pid 21945] [client 123.151.144.18:54210] PHP Warning:  mysqli_query(): MySQL server has gone away in /var/www/html/wp-includes/wp-db.php on line 2007
[Wed Jan 13 10:12:47.071561 2021] [:error] [pid 21945] [client 123.151.144.18:54210] PHP Warning:  mysqli_query(): Error reading result set's header in /var/www/html/wp-includes/wp-db.php on line 2007
[Wed Jan 13 10:12:47.042458 2021] [:error] [pid 22696] [client 101.89.34.219:18404] PHP Warning:  mysqli_query(): MySQL server has gone away in /var/www/html/wp-includes/wp-db.php on line 2007
[Wed Jan 13 10:12:47.071594 2021] [:error] [pid 22696] [client 101.89.34.219:18404] PHP Warning:  mysqli_query(): Error reading result set's header in /var/www/html/wp-includes/wp-db.php on line 2007
[Wed Jan 13 10:12:47.042514 2021] [:error] [pid 21911] [client 59.36.119.251:40136] PHP Warning:  mysqli_query(): MySQL server has gone away in /var/www/html/wp-includes/wp-db.php on line 2007
[Wed Jan 13 10:12:47.071633 2021] [:error] [pid 21911] [client 59.36.119.251:40136] PHP Warning:  mysqli_query(): Error reading result set's header in /var/www/html/wp-includes/wp-db.php on line 2007
[Wed Jan 13 10:12:47.042562 2021] [:error] [pid 21914] [client 101.89.34.219:18729] PHP Warning:  mysqli_query(): MySQL server has gone away in /var/www/html/wp-includes/wp-db.php on line 2007
[Wed Jan 13 10:12:47.071679 2021] [:error] [pid 21914] [client 101.89.34.219:18729] PHP Warning:  mysqli_query(): Error reading result set's header in /var/www/html/wp-includes/wp-db.php on line 2007
[Wed Jan 13 10:12:47.042618 2021] [:error] [pid 22715] [client 59.36.119.251:39973] PHP Warning:  mysqli_query(): MySQL server has gone away in /var/www/html/wp-includes/wp-db.php on line 2007
[Wed Jan 13 10:12:47.071723 2021] [:error] [pid 22715] [client 59.36.119.251:39973] PHP Warning:  mysqli_query(): Error reading result set's header in /var/www/html/wp-includes/wp-db.php on line 2007
[Wed Jan 13 10:12:47.042682 2021] [:error] [pid 22013] [client 59.36.119.251:39539] PHP Warning:  mysqli_query(): MySQL server has gone away in /var/www/html/wp-includes/wp-db.php on line 2007
[Wed Jan 13 10:12:47.112781 2021] [:error] [pid 22013] [client 59.36.119.251:39539] PHP Warning:  mysqli_query(): Error reading result set's header in /var/www/html/wp-includes/wp-db.php on line 2007
[Wed Jan 13 10:12:47.042777 2021] [:error] [pid 20988] [client 101.89.27.156:5661] PHP Warning:  mysqli_query(): MySQL server has gone away in /var/www/html/wp-includes/wp-db.php on line 2007, referer: https://www.google.com/
[Wed Jan 13 10:12:47.112823 2021] [:error] [pid 20988] [client 101.89.27.156:5661] PHP Warning:  mysqli_query(): Error reading result set's header in /var/www/html/wp-includes/wp-db.php on line 2007, referer: https://www.google.com/
[Wed Jan 13 10:12:47.070096 2021] [:error] [pid 22697] [client 123.151.144.18:53731] PHP Warning:  mysqli_query(): Error reading result set's header in /var/www/html/wp-includes/wp-db.php on line 2007
[Wed Jan 13 10:12:47.343790 2021] [:error] [pid 21935] [client 123.151.144.18:53317] PHP Warning:  Error while sending QUERY packet. PID=21935 in /var/www/html/wp-includes/wp-db.php on line 2007, referer: https://m.baidu.com/from=1001703a/bd_page_type=1/ssid=0/uid=0/pu=usm%400%2Csz%40320_1001%2Cta%40iphone_2_5.1_18_10.7/baiduid=FB3FEDAA132E388563C267C9FC897D0A/w=0_10_/t=iphone/l=1/tc?clk_type=1&vit=osres&l=1&baiduid=FB3FEDAA132E388563C267C9FC897D0A&t=iphone&ref=www_iphone&from=1001703a&ssid=0&lid=10427993193745480406&bd_page_type=1&pu=usm%400%2Csz%40320_1001%2Cta%40iphone_2_5.1_18_10.7&order=1&fm=alop&isAtom=1&waplogo=1&is_baidu=0&tj=www_normal_1_0_10_title&cltj=normal_title&asres=1&nt=wnor&title=opporeno3%E7%9A%84root%E6%AD%A5%E9%AA%A4LeadroyaL%27swebsite&clk_info=%7B%22tplname%22%3A%22www_normal%22%2C%22srcid%22%3A1599%2C%22t%22%3A1610503958397%2C%22xpath%22%3A%22div-article-section-div-div-section-div-div2-div-a-div-div-span-span-em%22%7D&wd=&eqid=90b7ac8f5163fad6100000035ffe570f&w_qd=IlPT2AEptyoA_yixCFOxCHd8gBHEROulGRaORy2HLDm6oI_ph47kJd6sXyTuQnr2GkGodTDR&bdver=2&tcplug=1&dict=-1&sec=9362&di=904c9e3231482bc9&bdenc=1&tch=124.1479.190.206.2.1342&nsrc=GIoREbr7yPAz54JPnhPBAK8hAK1rv1O8gWLVAgx6wOKVBv0Au%2F09lJl5K72NsvimWAUqSysl%2FOtjj0afxauMzbA%2FtMZ9ApkUbX8am3%2B9mbU%3D
[Wed Jan 13 10:12:47.344946 2021] [:error] [pid 21916] [client 101.89.34.219:18539] PHP Warning:  Error while sending QUERY packet. PID=21916 in /var/www/html/wp-includes/wp-db.php on line 2007
[Wed Jan 13 10:12:47.742583 2021] [:error] [pid 22716] [client 61.151.164.190:49235] PHP Warning:  Error while sending QUERY packet. PID=22716 in /var/www/html/wp-includes/wp-db.php on line 2007
[Wed Jan 13 10:12:50.748010 2021] [:error] [pid 21944] [client 101.89.34.219:18888] PHP Warning:  Error while sending QUERY packet. PID=21944 in /var/www/html/wp-includes/wp-db.php on line 2007, referer: https://www.leadroyal.cn/
[Wed Jan 13 10:13:05.845899 2021] [core:notice] [pid 1254] AH00052: child pid 22715 exit signal Segmentation fault (11)
[Wed Jan 13 10:13:08.622578 2021] [:error] [pid 22203] [client 123.151.144.18:56033] PHP Warning:  Error while sending QUERY packet. PID=22203 in /var/www/html/wp-includes/wp-db.php on line 2007
[Wed Jan 13 10:13:18.332606 2021] [:error] [pid 22713] [client 101.89.34.219:18564] PHP Warning:  Error while sending QUERY packet. PID=22713 in /var/www/html/wp-includes/wp-db.php on line 2007
[Wed Jan 13 10:13:18.339327 2021] [:error] [pid 20925] [client 123.151.144.18:55885] PHP Warning:  Error while sending QUERY packet. PID=20925 in /var/www/html/wp-includes/wp-db.php on line 2007
[Wed Jan 13 10:13:18.339370 2021] [:error] [pid 21951] [client 101.89.34.219:18859] PHP Warning:  Error while sending QUERY packet. PID=21951 in /var/www/html/wp-includes/wp-db.php on line 2007
[Wed Jan 13 10:13:20.802583 2021] [core:notice] [pid 1254] AH00051: child pid 22727 exit signal Aborted (6), possible coredump in /etc/apache2
[Wed Jan 13 10:13:20.803129 2021] [core:notice] [pid 1254] AH00051: child pid 22729 exit signal Aborted (6), possible coredump in /etc/apache2
[Wed Jan 13 10:13:20.803183 2021] [core:notice] [pid 1254] AH00051: child pid 22730 exit signal Aborted (6), possible coredump in /etc/apache2
[Wed Jan 13 10:13:20.803197 2021] [core:notice] [pid 1254] AH00051: child pid 22731 exit signal Aborted (6), possible coredump in /etc/apache2
[Wed Jan 13 10:13:20.803209 2021] [core:notice] [pid 1254] AH00051: child pid 22732 exit signal Aborted (6), possible coredump in /etc/apache2
[Wed Jan 13 10:13:20.803259 2021] [core:notice] [pid 1254] AH00051: child pid 22733 exit signal Aborted (6), possible coredump in /etc/apache2
[Wed Jan 13 10:13:20.803273 2021] [core:notice] [pid 1254] AH00051: child pid 22734 exit signal Aborted (6), possible coredump in /etc/apache2
